Archive member included to satisfy reference by file (symbol)

../libopencm3/lib/libopencm3_stm32f0.a(rcc.o)
                              firmware.o (rcc_clock_setup_in_hsi_out_48mhz)
../libopencm3/lib/libopencm3_stm32f0.a(adc.o)
                              adc.o (adc_set_operation_mode)
../libopencm3/lib/libopencm3_stm32f0.a(gpio_common_all.o)
                              control.o (gpio_set)
../libopencm3/lib/libopencm3_stm32f0.a(gpio_common_f0234.o)
                              uart.o (gpio_mode_setup)
../libopencm3/lib/libopencm3_stm32f0.a(dma_common_l1f013.o)
                              ws2812.o (dma_channel_reset)
../libopencm3/lib/libopencm3_stm32f0.a(exti_common_all.o)
                              keys.o (exti_set_trigger)
../libopencm3/lib/libopencm3_stm32f0.a(timer_common_all.o)
                              ws2812.o (timer_enable_irq)
../libopencm3/lib/libopencm3_stm32f0.a(rcc_common_all.o)
                              oled.o (rcc_periph_clock_enable)
../libopencm3/lib/libopencm3_stm32f0.a(adc_common_v2.o)
                              adc.o (adc_power_on)
../libopencm3/lib/libopencm3_stm32f0.a(flash_common_all.o)
                              ../libopencm3/lib/libopencm3_stm32f0.a(rcc.o) (flash_prefetch_enable)
../libopencm3/lib/libopencm3_stm32f0.a(usart_common_all.o)
                              uart.o (usart_set_baudrate)
../libopencm3/lib/libopencm3_stm32f0.a(usart_common_v2.o)
                              ../libopencm3/lib/libopencm3_stm32f0.a(usart_common_all.o) (usart_send)
../libopencm3/lib/libopencm3_stm32f0.a(spi_common_all.o)
                              oled.o (spi_enable)
../libopencm3/lib/libopencm3_stm32f0.a(spi_common_v2.o)
                              oled.o (spi_send8)
../libopencm3/lib/libopencm3_stm32f0.a(vector.o)
                              (reset_handler)
../libopencm3/lib/libopencm3_stm32f0.a(nvic.o)
                              uart.o (nvic_enable_irq)
../libopencm3/lib/libopencm3_stm32f0.a(assert.o)
                              ../libopencm3/lib/libopencm3_stm32f0.a(rcc.o) (cm3_assert_failed)
/home/a.malinowsk2/Programs/gcc-arm-none-eabi-8-2018-q4-major/bin/../lib/gcc/arm-none-eabi/8.2.1/../../../../arm-none-eabi/lib/thumb/v6-m/nofp/libc.a(lib_a-memcpy-stub.o)
                              commands.o (memcpy)
/home/a.malinowsk2/Programs/gcc-arm-none-eabi-8-2018-q4-major/bin/../lib/gcc/arm-none-eabi/8.2.1/../../../../arm-none-eabi/lib/thumb/v6-m/nofp/libc.a(lib_a-memset.o)
                              commands.o (memset)
/home/a.malinowsk2/Programs/gcc-arm-none-eabi-8-2018-q4-major/bin/../lib/gcc/arm-none-eabi/8.2.1/../../../../arm-none-eabi/lib/thumb/v6-m/nofp/libc.a(lib_a-strcat.o)
                              commands.o (strcat)
/home/a.malinowsk2/Programs/gcc-arm-none-eabi-8-2018-q4-major/bin/../lib/gcc/arm-none-eabi/8.2.1/../../../../arm-none-eabi/lib/thumb/v6-m/nofp/libc.a(lib_a-strcmp.o)
                              commands.o (strcmp)
/home/a.malinowsk2/Programs/gcc-arm-none-eabi-8-2018-q4-major/bin/../lib/gcc/arm-none-eabi/8.2.1/../../../../arm-none-eabi/lib/thumb/v6-m/nofp/libc.a(lib_a-strcpy.o)
                              /home/a.malinowsk2/Programs/gcc-arm-none-eabi-8-2018-q4-major/bin/../lib/gcc/arm-none-eabi/8.2.1/../../../../arm-none-eabi/lib/thumb/v6-m/nofp/libc.a(lib_a-strcat.o) (strcpy)
/home/a.malinowsk2/Programs/gcc-arm-none-eabi-8-2018-q4-major/bin/../lib/gcc/arm-none-eabi/8.2.1/../../../../arm-none-eabi/lib/thumb/v6-m/nofp/libc.a(lib_a-strlen-stub.o)
                              commands.o (strlen)
/home/a.malinowsk2/Programs/gcc-arm-none-eabi-8-2018-q4-major/bin/../lib/gcc/arm-none-eabi/8.2.1/../../../../arm-none-eabi/lib/thumb/v6-m/nofp/libc.a(lib_a-strncasecmp.o)
                              commands.o (strncasecmp)
/home/a.malinowsk2/Programs/gcc-arm-none-eabi-8-2018-q4-major/bin/../lib/gcc/arm-none-eabi/8.2.1/../../../../arm-none-eabi/lib/thumb/v6-m/nofp/libc.a(lib_a-ctype_.o)
                              /home/a.malinowsk2/Programs/gcc-arm-none-eabi-8-2018-q4-major/bin/../lib/gcc/arm-none-eabi/8.2.1/../../../../arm-none-eabi/lib/thumb/v6-m/nofp/libc.a(lib_a-strncasecmp.o) (_ctype_)
/home/a.malinowsk2/Programs/gcc-arm-none-eabi-8-2018-q4-major/bin/../lib/gcc/arm-none-eabi/8.2.1/thumb/v6-m/nofp/libgcc.a(_thumb1_case_uqi.o)
                              ../libopencm3/lib/libopencm3_stm32f0.a(rcc.o) (__gnu_thumb1_case_uqi)
/home/a.malinowsk2/Programs/gcc-arm-none-eabi-8-2018-q4-major/bin/../lib/gcc/arm-none-eabi/8.2.1/thumb/v6-m/nofp/libgcc.a(_udivsi3.o)
                              adc.o (__aeabi_uidiv)
/home/a.malinowsk2/Programs/gcc-arm-none-eabi-8-2018-q4-major/bin/../lib/gcc/arm-none-eabi/8.2.1/thumb/v6-m/nofp/libgcc.a(_divsi3.o)
                              uart.o (__aeabi_idiv)
/home/a.malinowsk2/Programs/gcc-arm-none-eabi-8-2018-q4-major/bin/../lib/gcc/arm-none-eabi/8.2.1/thumb/v6-m/nofp/libgcc.a(_dvmd_tls.o)
[...]
Memory Configuration

Name             Origin             Length             Attributes
rom              0x0000000008000000 0x0000000000008000 xr
ram              0x0000000020000000 0x0000000000001000 xrw
*default*        0x0000000000000000 0xffffffffffffffff

Linker script and memory map

LOAD uart.o
LOAD handlers.o
LOAD tasks.o
LOAD leds.o
LOAD cmd.o
LOAD misc.o
LOAD xprintf.o
LOAD commands.o
LOAD control.o
LOAD oled.o
LOAD ws2812.o
LOAD keys.o
LOAD adc.o
LOAD hdmi.o
LOAD state.o
LOAD ../FreeRTOS/Source/list.o
LOAD ../FreeRTOS/Source/queue.o
LOAD ../FreeRTOS/Source/tasks.o
LOAD ../FreeRTOS/Source/timers.o
LOAD ../FreeRTOS/Source/MemMang/heap_1.o
LOAD ../FreeRTOS/Source/portable/GCC/ARM_CM0/port.o
LOAD firmware.o
LOAD ../libopencm3/lib/libopencm3_stm32f0.a
START GROUP
LOAD /home/a.malinowsk2/Programs/gcc-arm-none-eabi-8-2018-q4-major/bin/../lib/gcc/arm-none-eabi/8.2.1/../../../../arm-none-eabi/lib/thumb/v6-m/nofp/libc.a
LOAD /home/a.malinowsk2/Programs/gcc-arm-none-eabi-8-2018-q4-major/bin/../lib/gcc/arm-none-eabi/8.2.1/thumb/v6-m/nofp/libgcc.a
LOAD /home/a.malinowsk2/Programs/gcc-arm-none-eabi-8-2018-q4-major/bin/../lib/gcc/arm-none-eabi/8.2.1/../../../../arm-none-eabi/lib/thumb/v6-m/nofp/libnosys.a
END GROUP
START GROUP
LOAD /home/a.malinowsk2/Programs/gcc-arm-none-eabi-8-2018-q4-major/bin/../lib/gcc/arm-none-eabi/8.2.1/thumb/v6-m/nofp/libgcc.a
LOAD /home/a.malinowsk2/Programs/gcc-arm-none-eabi-8-2018-q4-major/bin/../lib/gcc/arm-none-eabi/8.2.1/../../../../arm-none-eabi/lib/thumb/v6-m/nofp/libc.a
END GROUP

.text           0x0000000008000000     0x6224
 *(.vectors)
 .vectors       0x0000000008000000       0xc0 ../libopencm3/lib/libopencm3_stm32f0.a(vector.o)
                0x0000000008000000                vector_table
 *(.text*)
 .text.uart_putc
                0x00000000080000c0       0x10 uart.o
                0x00000000080000c0                uart_putc
 .text.usart1_isr
                0x00000000080000d0       0x54 uart.o
                0x00000000080000d0                usart1_isr
 .text.uart_set_voltage
                0x0000000008000124       0x1c uart.o
                0x0000000008000124                uart_set_voltage
 .text.uart_get_voltage
                0x0000000008000140       0x10 uart.o
                0x0000000008000140                uart_get_voltage
 .text.uart_setup
                0x0000000008000150      0x114 uart.o
                0x0000000008000150                uart_setup
 .text.vApplicationMallocFailedHook
                0x0000000008000264       0x10 handlers.o
                0x0000000008000264                vApplicationMallocFailedHook
 .text.vApplicationIdleHook
                0x0000000008000274        0x4 handlers.o
                0x0000000008000274                vApplicationIdleHook
 .text.vApplicationStackOverflowHook
                0x0000000008000278       0x10 handlers.o
                0x0000000008000278                vApplicationStackOverflowHook
 .text.vApplicationTickHook
                0x0000000008000288        0x4 handlers.o
                0x0000000008000288                vApplicationTickHook
 .text.sv_call_handler
                0x000000000800028c        0x8 handlers.o
                0x000000000800028c                sv_call_handler
 .text.pend_sv_handler
                0x0000000008000294        0x8 handlers.o
                0x0000000008000294                pend_sv_handler
 .text.sys_tick_handler
                0x000000000800029c        0x8 handlers.o
                0x000000000800029c                sys_tick_handler
 .text.utilsTask
                0x00000000080002a4        0xc tasks.o
                0x00000000080002a4                utilsTask
 .text.usartTask
                0x00000000080002b0       0x2c tasks.o
                0x00000000080002b0                usartTask
 .text.create_tasks
                0x00000000080002dc       0x48 tasks.o
                0x00000000080002dc                create_tasks
 .text.leds_setup
                0x0000000008000324       0x18 leds.o
                0x0000000008000324                leds_setup
 .text.led_toggle
                0x000000000800033c       0x20 leds.o
                0x000000000800033c                led_toggle
 .text.led_set_color
                0x000000000800035c       0x10 leds.o
                0x000000000800035c                led_set_color
 .text.led_get_color
                0x000000000800036c       0x2c leds.o
                0x000000000800036c                led_get_color
 .text.cmd_process_data
                0x0000000008000398       0x64 cmd.o
                0x0000000008000398                cmd_process_data
 .text.cmd_setup
                0x00000000080003fc        0xc cmd.o
                0x00000000080003fc                cmd_setup
 .text.strtok_lite
                0x0000000008000408       0x58 misc.o
                0x0000000008000408                strtok_lite
 .text.str_split
                0x0000000008000460       0x2c misc.o
                0x0000000008000460                str_split
 .text.xputc    0x000000000800048c       0x38 xprintf.o
                0x000000000800048c                xputc
 .text.xvprintf
                0x00000000080004c4      0x324 xprintf.o
 .text.xprintf  0x00000000080007e8       0x18 xprintf.o
                0x00000000080007e8                xprintf
 .text.xatoi    0x0000000008000800       0xbc xprintf.o
                0x0000000008000800                xatoi
 .text.cb_txt_help
                0x00000000080008bc       0x34 commands.o
                0x00000000080008bc                cb_txt_help
 .text.cb_txt_version
                0x00000000080008f0       0x18 commands.o
                0x00000000080008f0                cb_txt_version
 .text.cb_txt_echo
                0x0000000008000908       0x70 commands.o
                0x0000000008000908                cb_txt_echo
 .text.cb_txt_power
                0x0000000008000978       0x98 commands.o
                0x0000000008000978                cb_txt_power
 .text.cb_txt_hdmi
                0x0000000008000a10       0x44 commands.o
                0x0000000008000a10                cb_txt_hdmi
 .text.cb_txt_dyper
                0x0000000008000a54       0x68 commands.o
                0x0000000008000a54                cb_txt_dyper
 .text.cb_txt_dut
                0x0000000008000abc        0xc commands.o
                0x0000000008000abc                cb_txt_dut
 .text.cb_txt_ts
                0x0000000008000ac8        0xc commands.o
                0x0000000008000ac8                cb_txt_ts
 .text.print_color
                0x0000000008000ad4       0x28 commands.o
 .text.cb_txt_clr
                0x0000000008000afc        0xc commands.o
                0x0000000008000afc                cb_txt_clr
 .text.cb_txt_text
                0x0000000008000b08       0x9c commands.o
                0x0000000008000b08                cb_txt_text
 .text.cb_txt_draw
                0x0000000008000ba4      0x144 commands.o
                0x0000000008000ba4                cb_txt_draw
 .text.print_adc
                0x0000000008000ce8       0x18 commands.o
 .text.print_voltage
                0x0000000008000d00       0x18 commands.o
 .text.cb_txt_lthor
                0x0000000008000d18       0xd8 commands.o
                0x0000000008000d18                cb_txt_lthor
 .text.display_key_state
                0x0000000008000df0       0x30 commands.o
 .text.cb_txt_mux
                0x0000000008000e20       0x68 commands.o
                0x0000000008000e20                cb_txt_mux
 .text.cb_txt_led
                0x0000000008000e88       0x6c commands.o
                0x0000000008000e88                cb_txt_led
 .text.cb_txt_adc
                0x0000000008000ef4       0x5c commands.o
                0x0000000008000ef4                cb_txt_adc
 .text.cb_txt_voltage
                0x0000000008000f50       0x3c commands.o
                0x0000000008000f50                cb_txt_voltage
 .text.cb_txt_current
                0x0000000008000f8c       0x78 commands.o
                0x0000000008000f8c                cb_txt_current
 .text.cb_txt_key
                0x0000000008001004       0x4c commands.o
                0x0000000008001004                cb_txt_key
 .text.cb_txt_uart
                0x0000000008001050       0x38 commands.o
                0x0000000008001050                cb_txt_uart
 .text.find_command
                0x0000000008001088       0x40 commands.o
                0x0000000008001088                find_command
 .text.process_command
                0x00000000080010c8       0x54 commands.o
                0x00000000080010c8                process_command
 .text.mux_set_state.part.1
                0x000000000800111c       0x1c control.o
 .text.control_setup
                0x0000000008001138       0x6c control.o
                0x0000000008001138                control_setup
 .text.power_state_from_string
                0x00000000080011a4       0x30 control.o
                0x00000000080011a4                power_state_from_string
 .text.power_state_to_string
                0x00000000080011d4       0x18 control.o
                0x00000000080011d4                power_state_to_string
 .text.power_set_state
                0x00000000080011ec       0x1c control.o
                0x00000000080011ec                power_set_state
 .text.power_get_state
                0x0000000008001208       0x18 control.o
                0x0000000008001208                power_get_state
 .text.power_tick
                0x0000000008001220       0x28 control.o
                0x0000000008001220                power_tick
 .text.hdmi_set_state
                0x0000000008001248       0x1c control.o
                0x0000000008001248                hdmi_set_state
 .text.dyper_set_state
                0x0000000008001264       0x38 control.o
                0x0000000008001264                dyper_set_state
 .text.mux_set_state
                0x000000000800129c       0x24 control.o
                0x000000000800129c                mux_set_state
 .text.mux_get_state
                0x00000000080012c0       0x2c control.o
                0x00000000080012c0                mux_get_state
 .text.dut      0x00000000080012ec       0x18 control.o
                0x00000000080012ec                dut
 .text.ts       0x0000000008001304       0x14 control.o
                0x0000000008001304                ts
 .text.lthor_state_from_string
                0x0000000008001318       0x30 control.o
                0x0000000008001318                lthor_state_from_string
 .text.lthor_state_to_string
                0x0000000008001348       0x18 control.o
                0x0000000008001348                lthor_state_to_string
 .text.lthor_switch_get_state
                0x0000000008001360       0x18 control.o
                0x0000000008001360                lthor_switch_get_state
 .text.lthor_switch_set_state
                0x0000000008001378       0x20 control.o
                0x0000000008001378                lthor_switch_set_state
 .text.lthor_id_get_state
                0x0000000008001398       0x18 control.o
                0x0000000008001398                lthor_id_get_state
 .text.lthor_id_set_state
                0x00000000080013b0       0x20 control.o
                0x00000000080013b0                lthor_id_set_state
 .text.lthor_vbus_get_state
                0x00000000080013d0       0x18 control.o
                0x00000000080013d0                lthor_vbus_get_state
 .text.lthor_vbus_set_state
                0x00000000080013e8       0x20 control.o
                0x00000000080013e8                lthor_vbus_set_state
 .text.lthor_do_combo
                0x0000000008001408        0x4 control.o
                0x0000000008001408                lthor_do_combo
 .text.oled_write_cmd
                0x000000000800140c       0x48 oled.o
 .text.oled_set_pos_for_text
                0x0000000008001454       0x3c oled.o
 .text.oled_write_data
                0x0000000008001490       0x70 oled.o
 .text.oled_init
                0x0000000008001500       0x74 oled.o
                0x0000000008001500                oled_init
 .text.oled_display_char
                0x0000000008001574      0x15c oled.o
                0x0000000008001574                oled_display_char
 .text.oled_display_string
                0x00000000080016d0       0x2c oled.o
                0x00000000080016d0                oled_display_string
 .text.oled_clean_screen
                0x00000000080016fc       0x40 oled.o
                0x00000000080016fc                oled_clean_screen
 .text.oled_setup
                0x000000000800173c      0x104 oled.o
                0x000000000800173c                oled_setup
 .text.oled_draw_point
                0x0000000008001840       0xb0 oled.o
                0x0000000008001840                oled_draw_point
 .text.oled_draw_line
                0x00000000080018f0       0xcc oled.o
                0x00000000080018f0                oled_draw_line
 .text.oled_draw_circle
                0x00000000080019bc       0xd4 oled.o
                0x00000000080019bc                oled_draw_circle
 .text.oled_draw_rectangle
                0x0000000008001a90       0x8c oled.o
                0x0000000008001a90                oled_draw_rectangle
 .text.oled_color_from_string
                0x0000000008001b1c       0x44 oled.o
                0x0000000008001b1c                oled_color_from_string
 .text.ws2812_set_led_color
                0x0000000008001b60       0xb8 ws2812.o
                0x0000000008001b60                ws2812_set_led_color
 .text.ws2812_get_led_color
                0x0000000008001c18       0x38 ws2812.o
                0x0000000008001c18                ws2812_get_led_color
 .text.fillBufferBlack
                0x0000000008001c50       0x40 ws2812.o
                0x0000000008001c50                fillBufferBlack
 .text.ws2812_init
                0x0000000008001c90      0x194 ws2812.o
                0x0000000008001c90                ws2812_init
 .text.dma1_channel2_3_isr
                0x0000000008001e24       0x28 ws2812.o
                0x0000000008001e24                dma1_channel2_3_isr
 .text.keys_setup
                0x0000000008001e4c       0x54 keys.o
                0x0000000008001e4c                keys_setup
 .text.exti4_15_isr
                0x0000000008001ea0       0x1c keys.o
                0x0000000008001ea0                exti4_15_isr
 .text.keys_is_1_pressed
                0x0000000008001ebc       0x18 keys.o
                0x0000000008001ebc                keys_is_1_pressed
 .text.keys_is_2_pressed
                0x0000000008001ed4       0x18 keys.o
                0x0000000008001ed4                keys_is_2_pressed
 .text.adc_setup
                0x0000000008001eec      0x130 adc.o
                0x0000000008001eec                adc_setup
 .text.adc_get_value
                0x000000000800201c       0x30 adc.o
                0x000000000800201c                adc_get_value
 .text.adc_get_voltage
                0x000000000800204c       0xa0 adc.o
                0x000000000800204c                adc_get_voltage
 .text.adc_get_current
                0x00000000080020ec       0x3c adc.o
                0x00000000080020ec                adc_get_current
 .text.hdmi_setup
                0x0000000008002128        0x4 hdmi.o
                0x0000000008002128                hdmi_setup
 .text.state_setup
                0x000000000800212c       0x14 state.o
                0x000000000800212c                state_setup
 .text.state_get_idle_current
                0x0000000008002140        0xc state.o
                0x0000000008002140                state_get_idle_current
 .text.state_set_idle_current
                0x000000000800214c        0xc state.o
                0x000000000800214c                state_set_idle_current
 .text.state_get_echo
                0x0000000008002158        0x4 state.o
                0x0000000008002158                state_get_echo
 .text.state_set_echo
                0x000000000800215c        0xc state.o
                0x000000000800215c                state_set_echo
 .text.vListInitialise
                0x0000000008002168       0x18 ../FreeRTOS/Source/list.o
                0x0000000008002168                vListInitialise
 .text.vListInitialiseItem
                0x0000000008002180        0x8 ../FreeRTOS/Source/list.o
                0x0000000008002180                vListInitialiseItem
 .text.vListInsertEnd
                0x0000000008002188       0x18 ../FreeRTOS/Source/list.o
                0x0000000008002188                vListInsertEnd
 .text.vListInsert
                0x00000000080021a0       0x30 ../FreeRTOS/Source/list.o
                0x00000000080021a0                vListInsert
 .text.uxListRemove
                0x00000000080021d0       0x24 ../FreeRTOS/Source/list.o
                0x00000000080021d0                uxListRemove
 .text.prvCopyDataToQueue
                0x00000000080021f4       0x60 ../FreeRTOS/Source/queue.o
 .text.prvNotifyQueueSetContainer
                0x0000000008002254       0x60 ../FreeRTOS/Source/queue.o
 .text.prvCopyDataFromQueue
                0x00000000080022b4       0x24 ../FreeRTOS/Source/queue.o
 .text.prvUnlockQueue
                0x00000000080022d8       0xac ../FreeRTOS/Source/queue.o
 .text.xQueueGenericReset.part.0
                0x0000000008002384       0x64 ../FreeRTOS/Source/queue.o
 .text.xQueueGenericCreate.part.2
                0x00000000080023e8       0x40 ../FreeRTOS/Source/queue.o
 .text.xQueueGenericCreate
                0x0000000008002428       0x10 ../FreeRTOS/Source/queue.o
                0x0000000008002428                xQueueGenericCreate
 .text.xQueueGenericSendFromISR
                0x0000000008002438       0xb8 ../FreeRTOS/Source/queue.o
                0x0000000008002438                xQueueGenericSendFromISR
 .text.xQueueReceive
                0x00000000080024f0      0x12c ../FreeRTOS/Source/queue.o
                0x00000000080024f0                xQueueReceive
 .text.prvIdleTask
                0x000000000800261c       0x18 ../FreeRTOS/Source/tasks.o
 .text.prvResetNextTaskUnblockTime.part.1
                0x0000000008002634       0x18 ../FreeRTOS/Source/tasks.o
 .text.prvAddCurrentTaskToDelayedList
                0x000000000800264c       0x70 ../FreeRTOS/Source/tasks.o
 .text.xTaskCreate
                0x00000000080026bc      0x1c8 ../FreeRTOS/Source/tasks.o
                0x00000000080026bc                xTaskCreate
 .text.vTaskStartScheduler
                0x0000000008002884       0x58 ../FreeRTOS/Source/tasks.o
                0x0000000008002884                vTaskStartScheduler
 .text.vTaskSuspendAll
                0x00000000080028dc       0x10 ../FreeRTOS/Source/tasks.o
                0x00000000080028dc                vTaskSuspendAll
 .text.xTaskIncrementTick
                0x00000000080028ec      0x168 ../FreeRTOS/Source/tasks.o
                0x00000000080028ec                xTaskIncrementTick
 .text.xTaskResumeAll.part.4
                0x0000000008002a54      0x104 ../FreeRTOS/Source/tasks.o
 .text.xTaskResumeAll
                0x0000000008002b58       0x18 ../FreeRTOS/Source/tasks.o
                0x0000000008002b58                xTaskResumeAll
 .text.vTaskDelay
                0x0000000008002b70       0x3c ../FreeRTOS/Source/tasks.o
                0x0000000008002b70                vTaskDelay
 .text.vTaskSwitchContext
                0x0000000008002bac       0x84 ../FreeRTOS/Source/tasks.o
                0x0000000008002bac                vTaskSwitchContext
 .text.vTaskPlaceOnEventList
                0x0000000008002c30       0x24 ../FreeRTOS/Source/tasks.o
                0x0000000008002c30                vTaskPlaceOnEventList
 .text.xTaskRemoveFromEventList
                0x0000000008002c54       0x80 ../FreeRTOS/Source/tasks.o
                0x0000000008002c54                xTaskRemoveFromEventList
 .text.vTaskInternalSetTimeOutState
                0x0000000008002cd4       0x18 ../FreeRTOS/Source/tasks.o
                0x0000000008002cd4                vTaskInternalSetTimeOutState
 .text.xTaskCheckForTimeOut
                0x0000000008002cec       0x6c ../FreeRTOS/Source/tasks.o
                0x0000000008002cec                xTaskCheckForTimeOut
 .text.vTaskMissedYield
                0x0000000008002d58        0xc ../FreeRTOS/Source/tasks.o
                0x0000000008002d58                vTaskMissedYield
 .text.pvPortMalloc
                0x0000000008002d64       0x64 ../FreeRTOS/Source/MemMang/heap_1.o
                0x0000000008002d64                pvPortMalloc
 .text.vPortFree
                0x0000000008002dc8        0xc ../FreeRTOS/Source/MemMang/heap_1.o
                0x0000000008002dc8                vPortFree
 .text.prvTaskExitError
                0x0000000008002dd4       0x24 ../FreeRTOS/Source/portable/GCC/ARM_CM0/port.o
 *fill*         0x0000000008002df8        0x8 
 .text.vPortStartFirstTask
                0x0000000008002e00       0x34 ../FreeRTOS/Source/portable/GCC/ARM_CM0/port.o
 .text.pxPortInitialiseStack
                0x0000000008002e34       0x20 ../FreeRTOS/Source/portable/GCC/ARM_CM0/port.o
                0x0000000008002e34                pxPortInitialiseStack
 .text.SVC_Handler
                0x0000000008002e54        0x4 ../FreeRTOS/Source/portable/GCC/ARM_CM0/port.o
                0x0000000008002e54                SVC_Handler
 .text.xPortStartScheduler
                0x0000000008002e58       0x54 ../FreeRTOS/Source/portable/GCC/ARM_CM0/port.o
                0x0000000008002e58                xPortStartScheduler
 .text.vPortYield
                0x0000000008002eac       0x18 ../FreeRTOS/Source/portable/GCC/ARM_CM0/port.o
                0x0000000008002eac                vPortYield
 .text.vPortEnterCritical
                0x0000000008002ec4       0x18 ../FreeRTOS/Source/portable/GCC/ARM_CM0/port.o
                0x0000000008002ec4                vPortEnterCritical
 .text.vPortExitCritical
                0x0000000008002edc       0x1c ../FreeRTOS/Source/portable/GCC/ARM_CM0/port.o
                0x0000000008002edc                vPortExitCritical
 .text.ulSetInterruptMaskFromISR
                0x0000000008002ef8        0x8 ../FreeRTOS/Source/portable/GCC/ARM_CM0/port.o
                0x0000000008002ef8                ulSetInterruptMaskFromISR
 .text.vClearInterruptMaskFromISR
                0x0000000008002f00        0x8 ../FreeRTOS/Source/portable/GCC/ARM_CM0/port.o
                0x0000000008002f00                vClearInterruptMaskFromISR
 *fill*         0x0000000008002f08        0x8 
 .text.PendSV_Handler
                0x0000000008002f10       0x44 ../FreeRTOS/Source/portable/GCC/ARM_CM0/port.o
                0x0000000008002f10                PendSV_Handler
 .text.SysTick_Handler
                0x0000000008002f54       0x24 ../FreeRTOS/Source/portable/GCC/ARM_CM0/port.o
                0x0000000008002f54                SysTick_Handler
 .text.getVersion
                0x0000000008002f78        0x8 firmware.o
                0x0000000008002f78                getVersion
 .text.startup.main
                0x0000000008002f80       0x8c firmware.o
                0x0000000008002f80                main
 .text.rcc_is_osc_ready
                0x000000000800300c       0x54 ../libopencm3/lib/libopencm3_stm32f0.a(rcc.o)
                0x000000000800300c                rcc_is_osc_ready
 .text.rcc_wait_for_osc_ready
                0x0000000008003060       0x10 ../libopencm3/lib/libopencm3_stm32f0.a(rcc.o)
                0x0000000008003060                rcc_wait_for_osc_ready
 .text.rcc_osc_on
                0x0000000008003070       0x54 ../libopencm3/lib/libopencm3_stm32f0.a(rcc.o)
                0x0000000008003070                rcc_osc_on
 .text.rcc_set_sysclk_source
                0x00000000080030c4       0x4c ../libopencm3/lib/libopencm3_stm32f0.a(rcc.o)
                0x00000000080030c4                rcc_set_sysclk_source
 .text.rcc_set_pll_multiplication_factor
                0x0000000008003110       0x18 ../libopencm3/lib/libopencm3_stm32f0.a(rcc.o)
                0x0000000008003110                rcc_set_pll_multiplication_factor
 .text.rcc_set_pll_source
                0x0000000008003128       0x18 ../libopencm3/lib/libopencm3_stm32f0.a(rcc.o)
                0x0000000008003128                rcc_set_pll_source
 .text.rcc_set_ppre
                0x0000000008003140       0x18 ../libopencm3/lib/libopencm3_stm32f0.a(rcc.o)
                0x0000000008003140                rcc_set_ppre
 .text.rcc_set_hpre
                0x0000000008003158       0x14 ../libopencm3/lib/libopencm3_stm32f0.a(rcc.o)
                0x0000000008003158                rcc_set_hpre
 .text.rcc_clock_setup_in_hsi_out_48mhz
                0x000000000800316c       0x64 ../libopencm3/lib/libopencm3_stm32f0.a(rcc.o)
                0x000000000800316c                rcc_clock_setup_in_hsi_out_48mhz
 .text.adc_set_operation_mode
                0x00000000080031d0       0x48 ../libopencm3/lib/libopencm3_stm32f0.a(adc.o)
                0x00000000080031d0                adc_set_operation_mode
 .text.adc_disable_external_trigger_regular
                0x0000000008003218       0x10 ../libopencm3/lib/libopencm3_stm32f0.a(adc.o)
                0x0000000008003218                adc_disable_external_trigger_regular
 .text.adc_set_clk_source
                0x0000000008003228        0xc ../libopencm3/lib/libopencm3_stm32f0.a(adc.o)
                0x0000000008003228                adc_set_clk_source
 .text.adc_set_regular_sequence
                0x0000000008003234       0x68 ../libopencm3/lib/libopencm3_stm32f0.a(adc.o)
                0x0000000008003234                adc_set_regular_sequence
 .text.adc_set_sample_time_on_all_channels
                0x000000000800329c        0x8 ../libopencm3/lib/libopencm3_stm32f0.a(adc.o)
                0x000000000800329c                adc_set_sample_time_on_all_channels
 .text.adc_disable_analog_watchdog
                0x00000000080032a4       0x10 ../libopencm3/lib/libopencm3_stm32f0.a(adc.o)
                0x00000000080032a4                adc_disable_analog_watchdog
 .text.gpio_set
                0x00000000080032b4        0x4 ../libopencm3/lib/libopencm3_stm32f0.a(gpio_common_all.o)
                0x00000000080032b4                gpio_set
 .text.gpio_clear
                0x00000000080032b8        0x6 ../libopencm3/lib/libopencm3_stm32f0.a(gpio_common_all.o)
                0x00000000080032b8                gpio_clear
 .text.gpio_get
                0x00000000080032be        0x6 ../libopencm3/lib/libopencm3_stm32f0.a(gpio_common_all.o)
                0x00000000080032be                gpio_get
 .text.gpio_toggle
                0x00000000080032c4       0x10 ../libopencm3/lib/libopencm3_stm32f0.a(gpio_common_all.o)
                0x00000000080032c4                gpio_toggle
 .text.gpio_mode_setup
                0x00000000080032d4       0x3a ../libopencm3/lib/libopencm3_stm32f0.a(gpio_common_f0234.o)
                0x00000000080032d4                gpio_mode_setup
 .text.gpio_set_output_options
                0x000000000800330e       0x3a ../libopencm3/lib/libopencm3_stm32f0.a(gpio_common_f0234.o)
                0x000000000800330e                gpio_set_output_options
 .text.gpio_set_af
                0x0000000008003348       0x58 ../libopencm3/lib/libopencm3_stm32f0.a(gpio_common_f0234.o)
                0x0000000008003348                gpio_set_af
 .text.dma_channel_reset
                0x00000000080033a0       0x20 ../libopencm3/lib/libopencm3_stm32f0.a(dma_common_l1f013.o)
                0x00000000080033a0                dma_channel_reset
 .text.dma_clear_interrupt_flags
                0x00000000080033c0        0xa ../libopencm3/lib/libopencm3_stm32f0.a(dma_common_l1f013.o)
                0x00000000080033c0                dma_clear_interrupt_flags
 .text.dma_get_interrupt_flag
                0x00000000080033ca       0x12 ../libopencm3/lib/libopencm3_stm32f0.a(dma_common_l1f013.o)
                0x00000000080033ca                dma_get_interrupt_flag
 .text.dma_set_priority
                0x00000000080033dc       0x20 ../libopencm3/lib/libopencm3_stm32f0.a(dma_common_l1f013.o)
                0x00000000080033dc                dma_set_priority
 .text.dma_set_memory_size
                0x00000000080033fc       0x20 ../libopencm3/lib/libopencm3_stm32f0.a(dma_common_l1f013.o)
                0x00000000080033fc                dma_set_memory_size
 .text.dma_set_peripheral_size
                0x000000000800341c       0x20 ../libopencm3/lib/libopencm3_stm32f0.a(dma_common_l1f013.o)
                0x000000000800341c                dma_set_peripheral_size
 .text.dma_enable_memory_increment_mode
                0x000000000800343c       0x14 ../libopencm3/lib/libopencm3_stm32f0.a(dma_common_l1f013.o)
                0x000000000800343c                dma_enable_memory_increment_mode
 .text.dma_disable_peripheral_increment_mode
                0x0000000008003450       0x14 ../libopencm3/lib/libopencm3_stm32f0.a(dma_common_l1f013.o)
                0x0000000008003450                dma_disable_peripheral_increment_mode
 .text.dma_enable_circular_mode
                0x0000000008003464       0x20 ../libopencm3/lib/libopencm3_stm32f0.a(dma_common_l1f013.o)
                0x0000000008003464                dma_enable_circular_mode
 .text.dma_set_read_from_peripheral
                0x0000000008003484       0x14 ../libopencm3/lib/libopencm3_stm32f0.a(dma_common_l1f013.o)
                0x0000000008003484                dma_set_read_from_peripheral
 .text.dma_set_read_from_memory
                0x0000000008003498       0x14 ../libopencm3/lib/libopencm3_stm32f0.a(dma_common_l1f013.o)
                0x0000000008003498                dma_set_read_from_memory
 .text.dma_enable_channel
                0x00000000080034ac       0x14 ../libopencm3/lib/libopencm3_stm32f0.a(dma_common_l1f013.o)
                0x00000000080034ac                dma_enable_channel
 .text.dma_set_peripheral_address
                0x00000000080034c0       0x12 ../libopencm3/lib/libopencm3_stm32f0.a(dma_common_l1f013.o)
                0x00000000080034c0                dma_set_peripheral_address
 .text.dma_set_memory_address
                0x00000000080034d2       0x12 ../libopencm3/lib/libopencm3_stm32f0.a(dma_common_l1f013.o)
                0x00000000080034d2                dma_set_memory_address
 .text.dma_set_number_of_data
                0x00000000080034e4        0xe ../libopencm3/lib/libopencm3_stm32f0.a(dma_common_l1f013.o)
                0x00000000080034e4                dma_set_number_of_data
 *fill*         0x00000000080034f2        0x2 
 .text.exti_set_trigger
                0x00000000080034f4       0x4c ../libopencm3/lib/libopencm3_stm32f0.a(exti_common_all.o)
                0x00000000080034f4                exti_set_trigger
 .text.exti_enable_request
                0x0000000008003540       0x1c ../libopencm3/lib/libopencm3_stm32f0.a(exti_common_all.o)
                0x0000000008003540                exti_enable_request
 .text.exti_reset_request
                0x000000000800355c        0xc ../libopencm3/lib/libopencm3_stm32f0.a(exti_common_all.o)
                0x000000000800355c                exti_reset_request
 .text.exti_get_flag_status
                0x0000000008003568        0xc ../libopencm3/lib/libopencm3_stm32f0.a(exti_common_all.o)
                0x0000000008003568                exti_get_flag_status
 .text.exti_select_source
                0x0000000008003574       0x7c ../libopencm3/lib/libopencm3_stm32f0.a(exti_common_all.o)
                0x0000000008003574                exti_select_source
 .text.timer_enable_irq
                0x00000000080035f0        0x8 ../libopencm3/lib/libopencm3_stm32f0.a(timer_common_all.o)
                0x00000000080035f0                timer_enable_irq
 .text.timer_set_mode
                0x00000000080035f8       0x18 ../libopencm3/lib/libopencm3_stm32f0.a(timer_common_all.o)
                0x00000000080035f8                timer_set_mode
 .text.timer_enable_preload
                0x0000000008003610        0xa ../libopencm3/lib/libopencm3_stm32f0.a(timer_common_all.o)
                0x0000000008003610                timer_enable_preload
 .text.timer_enable_counter
                0x000000000800361a        0xa ../libopencm3/lib/libopencm3_stm32f0.a(timer_common_all.o)
                0x000000000800361a                timer_enable_counter
 .text.timer_set_dma_on_update_event
                0x0000000008003624        0xa ../libopencm3/lib/libopencm3_stm32f0.a(timer_common_all.o)
                0x0000000008003624                timer_set_dma_on_update_event
 .text.timer_set_prescaler
                0x000000000800362e        0x4 ../libopencm3/lib/libopencm3_stm32f0.a(timer_common_all.o)
                0x000000000800362e                timer_set_prescaler
 .text.timer_set_repetition_counter
                0x0000000008003632        0x4 ../libopencm3/lib/libopencm3_stm32f0.a(timer_common_all.o)
                0x0000000008003632                timer_set_repetition_counter
 .text.timer_set_period
                0x0000000008003636        0x4 ../libopencm3/lib/libopencm3_stm32f0.a(timer_common_all.o)
                0x0000000008003636                timer_set_period
 *fill*         0x000000000800363a        0x2 
 .text.timer_disable_oc_clear
                0x000000000800363c       0x40 ../libopencm3/lib/libopencm3_stm32f0.a(timer_common_all.o)
                0x000000000800363c                timer_disable_oc_clear
 .text.timer_set_oc_slow_mode
                0x000000000800367c       0x40 ../libopencm3/lib/libopencm3_stm32f0.a(timer_common_all.o)
                0x000000000800367c                timer_set_oc_slow_mode
 .text.timer_set_oc_mode
                0x00000000080036bc      0x180 ../libopencm3/lib/libopencm3_stm32f0.a(timer_common_all.o)
                0x00000000080036bc                timer_set_oc_mode
 .text.timer_enable_oc_preload
                0x000000000800383c       0x3a ../libopencm3/lib/libopencm3_stm32f0.a(timer_common_all.o)
                0x000000000800383c                timer_enable_oc_preload
 *fill*         0x0000000008003876        0x2 
 .text.timer_set_oc_polarity_high
                0x0000000008003878       0x48 ../libopencm3/lib/libopencm3_stm32f0.a(timer_common_all.o)
                0x0000000008003878                timer_set_oc_polarity_high
 .text.timer_enable_oc_output
                0x00000000080038c0       0x3e ../libopencm3/lib/libopencm3_stm32f0.a(timer_common_all.o)
                0x00000000080038c0                timer_enable_oc_output
 *fill*         0x00000000080038fe        0x2 
 .text.timer_disable_oc_output
                0x0000000008003900       0x48 ../libopencm3/lib/libopencm3_stm32f0.a(timer_common_all.o)
                0x0000000008003900                timer_disable_oc_output
 .text.timer_set_oc_idle_state_set
                0x0000000008003948       0x3a ../libopencm3/lib/libopencm3_stm32f0.a(timer_common_all.o)
                0x0000000008003948                timer_set_oc_idle_state_set
 .text.timer_set_oc_value
                0x0000000008003982       0x26 ../libopencm3/lib/libopencm3_stm32f0.a(timer_common_all.o)
                0x0000000008003982                timer_set_oc_value
 .text.timer_generate_event
                0x00000000080039a8        0x8 ../libopencm3/lib/libopencm3_stm32f0.a(timer_common_all.o)
                0x00000000080039a8                timer_generate_event
 .text.rcc_periph_clock_enable
                0x00000000080039b0       0x1c ../libopencm3/lib/libopencm3_stm32f0.a(rcc_common_all.o)
                0x00000000080039b0                rcc_periph_clock_enable
 .text.rcc_periph_reset_pulse
                0x00000000080039cc       0x20 ../libopencm3/lib/libopencm3_stm32f0.a(rcc_common_all.o)
                0x00000000080039cc                rcc_periph_reset_pulse
 .text.adc_power_on_async
                0x00000000080039ec        0xa ../libopencm3/lib/libopencm3_stm32f0.a(adc_common_v2.o)
                0x00000000080039ec                adc_power_on_async
 .text.adc_power_on
                0x00000000080039f6       0x12 ../libopencm3/lib/libopencm3_stm32f0.a(adc_common_v2.o)
                0x00000000080039f6                adc_power_on
 .text.adc_is_power_off
                0x0000000008003a08        0x8 ../libopencm3/lib/libopencm3_stm32f0.a(adc_common_v2.o)
                0x0000000008003a08                adc_is_power_off
 .text.adc_power_off_async
                0x0000000008003a10       0x32 ../libopencm3/lib/libopencm3_stm32f0.a(adc_common_v2.o)
                0x0000000008003a10                adc_power_off_async
 .text.adc_power_off
                0x0000000008003a42       0x14 ../libopencm3/lib/libopencm3_stm32f0.a(adc_common_v2.o)
                0x0000000008003a42                adc_power_off
 .text.adc_calibrate
                0x0000000008003a56       0x12 ../libopencm3/lib/libopencm3_stm32f0.a(adc_common_v2.o)
                0x0000000008003a56                adc_calibrate
 .text.adc_set_continuous_conversion_mode
                0x0000000008003a68        0xc ../libopencm3/lib/libopencm3_stm32f0.a(adc_common_v2.o)
                0x0000000008003a68                adc_set_continuous_conversion_mode
 .text.adc_set_resolution
                0x0000000008003a74        0xc ../libopencm3/lib/libopencm3_stm32f0.a(adc_common_v2.o)
                0x0000000008003a74                adc_set_resolution
 .text.adc_set_right_aligned
                0x0000000008003a80        0xa ../libopencm3/lib/libopencm3_stm32f0.a(adc_common_v2.o)
                0x0000000008003a80                adc_set_right_aligned
 .text.adc_enable_dma
                0x0000000008003a8a        0xa ../libopencm3/lib/libopencm3_stm32f0.a(adc_common_v2.o)
                0x0000000008003a8a                adc_enable_dma
 .text.adc_enable_temperature_sensor
                0x0000000008003a94       0x14 ../libopencm3/lib/libopencm3_stm32f0.a(adc_common_v2.o)
                0x0000000008003a94                adc_enable_temperature_sensor
 .text.adc_enable_vrefint
                0x0000000008003aa8       0x14 ../libopencm3/lib/libopencm3_stm32f0.a(adc_common_v2.o)
                0x0000000008003aa8                adc_enable_vrefint
 .text.flash_prefetch_enable
                0x0000000008003abc       0x10 ../libopencm3/lib/libopencm3_stm32f0.a(flash_common_all.o)
                0x0000000008003abc                flash_prefetch_enable
 .text.flash_set_ws
                0x0000000008003acc       0x14 ../libopencm3/lib/libopencm3_stm32f0.a(flash_common_all.o)
                0x0000000008003acc                flash_set_ws
 .text.usart_set_baudrate
                0x0000000008003ae0       0x18 ../libopencm3/lib/libopencm3_stm32f0.a(usart_common_all.o)
                0x0000000008003ae0                usart_set_baudrate
 .text.usart_set_databits
                0x0000000008003af8       0x1c ../libopencm3/lib/libopencm3_stm32f0.a(usart_common_all.o)
                0x0000000008003af8                usart_set_databits
 .text.usart_set_stopbits
                0x0000000008003b14       0x10 ../libopencm3/lib/libopencm3_stm32f0.a(usart_common_all.o)
                0x0000000008003b14                usart_set_stopbits
 .text.usart_set_parity
                0x0000000008003b24       0x10 ../libopencm3/lib/libopencm3_stm32f0.a(usart_common_all.o)
                0x0000000008003b24                usart_set_parity
 .text.usart_set_mode
                0x0000000008003b34        0xc ../libopencm3/lib/libopencm3_stm32f0.a(usart_common_all.o)
                0x0000000008003b34                usart_set_mode
 .text.usart_set_flow_control
                0x0000000008003b40       0x10 ../libopencm3/lib/libopencm3_stm32f0.a(usart_common_all.o)
                0x0000000008003b40                usart_set_flow_control
 .text.usart_enable
                0x0000000008003b50        0xa ../libopencm3/lib/libopencm3_stm32f0.a(usart_common_all.o)
                0x0000000008003b50                usart_enable
 .text.usart_send_blocking
                0x0000000008003b5a       0x14 ../libopencm3/lib/libopencm3_stm32f0.a(usart_common_all.o)
                0x0000000008003b5a                usart_send_blocking
 .text.usart_enable_rx_interrupt
                0x0000000008003b6e        0xa ../libopencm3/lib/libopencm3_stm32f0.a(usart_common_all.o)
                0x0000000008003b6e                usart_enable_rx_interrupt
 .text.usart_send
                0x0000000008003b78        0x8 ../libopencm3/lib/libopencm3_stm32f0.a(usart_common_v2.o)
                0x0000000008003b78                usart_send
 .text.usart_recv
                0x0000000008003b80        0x8 ../libopencm3/lib/libopencm3_stm32f0.a(usart_common_v2.o)
                0x0000000008003b80                usart_recv
 .text.usart_wait_send_ready
                0x0000000008003b88        0xa ../libopencm3/lib/libopencm3_stm32f0.a(usart_common_v2.o)
                0x0000000008003b88                usart_wait_send_ready
 .text.spi_enable
                0x0000000008003b92        0xa ../libopencm3/lib/libopencm3_stm32f0.a(spi_common_all.o)
                0x0000000008003b92                spi_enable
 .text.spi_set_nss_high
                0x0000000008003b9c        0xc ../libopencm3/lib/libopencm3_stm32f0.a(spi_common_all.o)
                0x0000000008003b9c                spi_set_nss_high
 .text.spi_set_baudrate_prescaler
                0x0000000008003ba8       0x18 ../libopencm3/lib/libopencm3_stm32f0.a(spi_common_all.o)
                0x0000000008003ba8                spi_set_baudrate_prescaler
 .text.spi_set_master_mode
                0x0000000008003bc0        0xa ../libopencm3/lib/libopencm3_stm32f0.a(spi_common_all.o)
                0x0000000008003bc0                spi_set_master_mode
 .text.spi_set_clock_polarity_1
                0x0000000008003bca        0xa ../libopencm3/lib/libopencm3_stm32f0.a(spi_common_all.o)
                0x0000000008003bca                spi_set_clock_polarity_1
 .text.spi_set_clock_phase_1
                0x0000000008003bd4        0xa ../libopencm3/lib/libopencm3_stm32f0.a(spi_common_all.o)
                0x0000000008003bd4                spi_set_clock_phase_1
 .text.spi_enable_ss_output
                0x0000000008003bde        0xa ../libopencm3/lib/libopencm3_stm32f0.a(spi_common_all.o)
                0x0000000008003bde                spi_enable_ss_output
 .text.spi_send8
                0x0000000008003be8        0xc ../libopencm3/lib/libopencm3_stm32f0.a(spi_common_v2.o)
                0x0000000008003be8                spi_send8
 .text.spi_set_data_size
                0x0000000008003bf4       0x18 ../libopencm3/lib/libopencm3_stm32f0.a(spi_common_v2.o)
                0x0000000008003bf4                spi_set_data_size
 .text.spi_fifo_reception_threshold_8bit
                0x0000000008003c0c        0xc ../libopencm3/lib/libopencm3_stm32f0.a(spi_common_v2.o)
                0x0000000008003c0c                spi_fifo_reception_threshold_8bit
 .text.blocking_handler
                0x0000000008003c18        0x2 ../libopencm3/lib/libopencm3_stm32f0.a(vector.o)
                0x0000000008003c18                rtc_isr
                0x0000000008003c18                tim7_isr
                0x0000000008003c18                blocking_handler
                0x0000000008003c18                tsc_isr
                0x0000000008003c18                spi1_isr
                0x0000000008003c18                i2c1_isr
                0x0000000008003c18                tim17_isr
                0x0000000008003c18                i2c2_isr
                0x0000000008003c18                usart3_4_isr
                0x0000000008003c18                tim1_cc_isr
                0x0000000008003c18                exti2_3_isr
                0x0000000008003c18                tim16_isr
                0x0000000008003c18                pvd_isr
                0x0000000008003c18                rcc_isr
                0x0000000008003c18                flash_isr
                0x0000000008003c18                hard_fault_handler
                0x0000000008003c18                tim14_isr
                0x0000000008003c18                spi2_isr
                0x0000000008003c18                usb_isr
                0x0000000008003c18                tim15_isr
                0x0000000008003c18                tim3_isr
                0x0000000008003c18                usart2_isr
                0x0000000008003c18                adc_comp_isr
                0x0000000008003c18                dma1_channel1_isr
                0x0000000008003c18                tim6_dac_isr
                0x0000000008003c18                tim1_brk_up_trg_com_isr
                0x0000000008003c18                cec_can_isr
                0x0000000008003c18                wwdg_isr
                0x0000000008003c18                tim2_isr
                0x0000000008003c18                dma1_channel4_5_isr
                0x0000000008003c18                exti0_1_isr
 .text.null_handler
                0x0000000008003c1a        0x2 ../libopencm3/lib/libopencm3_stm32f0.a(vector.o)
                0x0000000008003c1a                null_handler
                0x0000000008003c1a                nmi_handler
 .text.reset_handler
                0x0000000008003c1c       0x90 ../libopencm3/lib/libopencm3_stm32f0.a(vector.o)
                0x0000000008003c1c                reset_handler
 .text.nvic_enable_irq
                0x0000000008003cac       0x18 ../libopencm3/lib/libopencm3_stm32f0.a(nvic.o)
                0x0000000008003cac                nvic_enable_irq
 .text.nvic_set_priority
                0x0000000008003cc4       0x1c ../libopencm3/lib/libopencm3_stm32f0.a(nvic.o)
                0x0000000008003cc4                nvic_set_priority
 .text.cm3_assert_failed
                0x0000000008003ce0        0x2 ../libopencm3/lib/libopencm3_stm32f0.a(assert.o)
                0x0000000008003ce0                cm3_assert_failed
 *fill*         0x0000000008003ce2        0x2 
 .text.memcpy   0x0000000008003ce4       0xa4 /home/a.malinowsk2/Programs/gcc-arm-none-eabi-8-2018-q4-major/bin/../lib/gcc/arm-none-eabi/8.2.1/../../../../arm-none-eabi/lib/thumb/v6-m/nofp/libc.a(lib_a-memcpy-stub.o)
                0x0000000008003ce4                memcpy
 .text.memset   0x0000000008003d88       0xa8 /home/a.malinowsk2/Programs/gcc-arm-none-eabi-8-2018-q4-major/bin/../lib/gcc/arm-none-eabi/8.2.1/../../../../arm-none-eabi/lib/thumb/v6-m/nofp/libc.a(lib_a-memset.o)
                0x0000000008003d88                memset
 .text.strcat   0x0000000008003e30       0x50 /home/a.malinowsk2/Programs/gcc-arm-none-eabi-8-2018-q4-major/bin/../lib/gcc/arm-none-eabi/8.2.1/../../../../arm-none-eabi/lib/thumb/v6-m/nofp/libc.a(lib_a-strcat.o)
                0x0000000008003e30                strcat
 .text          0x0000000008003e80       0x88 /home/a.malinowsk2/Programs/gcc-arm-none-eabi-8-2018-q4-major/bin/../lib/gcc/arm-none-eabi/8.2.1/../../../../arm-none-eabi/lib/thumb/v6-m/nofp/libc.a(lib_a-strcmp.o)
                0x0000000008003e80                strcmp
 .text.strcpy   0x0000000008003f08       0x10 /home/a.malinowsk2/Programs/gcc-arm-none-eabi-8-2018-q4-major/bin/../lib/gcc/arm-none-eabi/8.2.1/../../../../arm-none-eabi/lib/thumb/v6-m/nofp/libc.a(lib_a-strcpy.o)
                0x0000000008003f08                strcpy
 .text.strlen   0x0000000008003f18       0x68 /home/a.malinowsk2/Programs/gcc-arm-none-eabi-8-2018-q4-major/bin/../lib/gcc/arm-none-eabi/8.2.1/../../../../arm-none-eabi/lib/thumb/v6-m/nofp/libc.a(lib_a-strlen-stub.o)
                0x0000000008003f18                strlen
 .text.strncasecmp
                0x0000000008003f80       0x48 /home/a.malinowsk2/Programs/gcc-arm-none-eabi-8-2018-q4-major/bin/../lib/gcc/arm-none-eabi/8.2.1/../../../../arm-none-eabi/lib/thumb/v6-m/nofp/libc.a(lib_a-strncasecmp.o)
                0x0000000008003f80                strncasecmp
 .text          0x0000000008003fc8       0x14 /home/a.malinowsk2/Programs/gcc-arm-none-eabi-8-2018-q4-major/bin/../lib/gcc/arm-none-eabi/8.2.1/thumb/v6-m/nofp/libgcc.a(_thumb1_case_uqi.o)
                0x0000000008003fc8                __gnu_thumb1_case_uqi
 .text          0x0000000008003fdc      0x114 /home/a.malinowsk2/Programs/gcc-arm-none-eabi-8-2018-q4-major/bin/../lib/gcc/arm-none-eabi/8.2.1/thumb/v6-m/nofp/libgcc.a(_udivsi3.o)
                0x0000000008003fdc                __udivsi3
                0x0000000008003fdc                __aeabi_uidiv
                0x00000000080040e8                __aeabi_uidivmod
 .text          0x00000000080040f0      0x1d4 /home/a.malinowsk2/Programs/gcc-arm-none-eabi-8-2018-q4-major/bin/../lib/gcc/arm-none-eabi/8.2.1/thumb/v6-m/nofp/libgcc.a(_divsi3.o)
                0x00000000080040f0                __aeabi_idiv
                0x00000000080040f0                __divsi3
                0x00000000080042bc                __aeabi_idivmod
 .text          0x00000000080042c4        0x4 /home/a.malinowsk2/Programs/gcc-arm-none-eabi-8-2018-q4-major/bin/../lib/gcc/arm-none-eabi/8.2.1/thumb/v6-m/nofp/libgcc.a(_dvmd_tls.o)
                0x00000000080042c4                __aeabi_ldiv0
                0x00000000080042c4                __aeabi_idiv0
 .text          0x00000000080042c8      0x5ec /home/a.malinowsk2/Programs/gcc-arm-none-eabi-8-2018-q4-major/bin/../lib/gcc/arm-none-eabi/8.2.1/thumb/v6-m/nofp/libgcc.a(divdf3.o)
                0x00000000080042c8                __aeabi_ddiv
 .text          0x00000000080048b4      0x510 /home/a.malinowsk2/Programs/gcc-arm-none-eabi-8-2018-q4-major/bin/../lib/gcc/arm-none-eabi/8.2.1/thumb/v6-m/nofp/libgcc.a(muldf3.o)
                0x00000000080048b4                __aeabi_dmul
 .text          0x0000000008004dc4       0x6c /home/a.malinowsk2/Programs/gcc-arm-none-eabi-8-2018-q4-major/bin/../lib/gcc/arm-none-eabi/8.2.1/thumb/v6-m/nofp/libgcc.a(fixdfsi.o)
                0x0000000008004dc4                __aeabi_d2iz
 .text          0x0000000008004e30       0x78 /home/a.malinowsk2/Programs/gcc-arm-none-eabi-8-2018-q4-major/bin/../lib/gcc/arm-none-eabi/8.2.1/thumb/v6-m/nofp/libgcc.a(floatsidf.o)
                0x0000000008004e30                __aeabi_i2d
 .text          0x0000000008004ea8       0x64 /home/a.malinowsk2/Programs/gcc-arm-none-eabi-8-2018-q4-major/bin/../lib/gcc/arm-none-eabi/8.2.1/thumb/v6-m/nofp/libgcc.a(floatunsidf.o)
                0x0000000008004ea8                __aeabi_ui2d
 .text          0x0000000008004f0c       0x3c /home/a.malinowsk2/Programs/gcc-arm-none-eabi-8-2018-q4-major/bin/../lib/gcc/arm-none-eabi/8.2.1/thumb/v6-m/nofp/libgcc.a(_clzsi2.o)
                0x0000000008004f0c                __clzsi2
                0x0000000008004f48                . = ALIGN (0x4)
 *(.rodata*)
 .rodata.vApplicationMallocFailedHook.str1.4
                0x0000000008004f48        0xf handlers.o
 *fill*         0x0000000008004f57        0x1 
 .rodata.vApplicationStackOverflowHook.str1.4
                0x0000000008004f58       0x14 handlers.o
 .rodata.create_tasks.str1.4
                0x0000000008004f6c        0xd tasks.o
 *fill*         0x0000000008004f79        0x3 
 .rodata.xvprintf
                0x0000000008004f7c       0x5c xprintf.o
 .rodata.cb_txt_adc.str1.4
                0x0000000008004fd8        0xd commands.o
 *fill*         0x0000000008004fe5        0x3 
 .rodata.cb_txt_current.str1.4
                0x0000000008004fe8        0xc commands.o
 .rodata.cb_txt_draw.str1.4
                0x0000000008004ff4       0x22 commands.o
 *fill*         0x0000000008005016        0x2 
 .rodata.cb_txt_echo.str1.4
                0x0000000008005018       0x19 commands.o
 *fill*         0x0000000008005031        0x3 
 .rodata.cb_txt_help.str1.4
                0x0000000008005034       0x21 commands.o
 *fill*         0x0000000008005055        0x3 
 .rodata.cb_txt_key.str1.4
                0x0000000008005058        0xf commands.o
 *fill*         0x0000000008005067        0x1 
 .rodata.cb_txt_lthor.str1.4
                0x0000000008005068       0x1a commands.o
 *fill*         0x0000000008005082        0x2 
 .rodata.cb_txt_mux.str1.4
                0x0000000008005084       0x10 commands.o
 .rodata.cb_txt_power.str1.4
                0x0000000008005094        0x5 commands.o
                                          0xc (size before relaxing)
 *fill*         0x0000000008005099        0x3 
 .rodata.cb_txt_text.str1.4
                0x000000000800509c        0x2 commands.o
 *fill*         0x000000000800509e        0x2 
 .rodata.cb_txt_version.str1.4
                0x00000000080050a0       0x14 commands.o
 .rodata.commands
                0x00000000080050b4       0xe4 commands.o
                0x00000000080050b4                commands
 .rodata.display_key_state.str1.4
                0x0000000008005198       0x11 commands.o
 *fill*         0x00000000080051a9        0x3 
 .rodata.print_adc.str1.4
                0x00000000080051ac        0xb commands.o
 *fill*         0x00000000080051b7        0x1 
 .rodata.print_color.str1.4
                0x00000000080051b8       0x11 commands.o
 *fill*         0x00000000080051c9        0x3 
 .rodata.process_command.str1.4
                0x00000000080051cc       0x39 commands.o
 *fill*         0x0000000008005205        0x3 
 .rodata.str1.4
                0x0000000008005208      0x85b commands.o
 *fill*         0x0000000008005a63        0x1 
 .rodata.CSWTCH.2
                0x0000000008005a64        0xc control.o
 .rodata.CSWTCH.3
                0x0000000008005a70        0xc control.o
 .rodata.lthor_state_from_string.str1.4
                0x0000000008005a7c        0x9 control.o
 *fill*         0x0000000008005a85        0x3 
 .rodata.lthor_state_to_string.str1.4
                0x0000000008005a88        0x8 control.o
 .rodata.power_state_from_string.str1.4
                0x0000000008005a90        0x8 control.o
 .rodata.OLEDCharMap
                0x0000000008005a98      0x5f0 oled.o
 .rodata.oled_color_from_string.str1.4
                0x0000000008006088        0xa oled.o
                                          0xe (size before relaxing)
 *fill*         0x0000000008006092        0x2 
 .rodata.vTaskStartScheduler.str1.4
                0x0000000008006094        0x5 ../FreeRTOS/Source/tasks.o
 *fill*         0x0000000008006099        0x3 
 .rodata.getVersion.str1.4
                0x000000000800609c        0x4 firmware.o
 .rodata._ctype_
                0x00000000080060a0      0x101 /home/a.malinowsk2/Programs/gcc-arm-none-eabi-8-2018-q4-major/bin/../lib/gcc/arm-none-eabi/8.2.1/../../../../arm-none-eabi/lib/thumb/v6-m/nofp/libc.a(lib_a-ctype_.o)
                0x00000000080060a0                _ctype_
 *fill*         0x00000000080061a1        0x3 
 .rodata        0x00000000080061a4       0x40 /home/a.malinowsk2/Programs/gcc-arm-none-eabi-8-2018-q4-major/bin/../lib/gcc/arm-none-eabi/8.2.1/thumb/v6-m/nofp/libgcc.a(divdf3.o)
 .rodata        0x00000000080061e4       0x40 /home/a.malinowsk2/Programs/gcc-arm-none-eabi-8-2018-q4-major/bin/../lib/gcc/arm-none-eabi/8.2.1/thumb/v6-m/nofp/libgcc.a(muldf3.o)
                0x0000000008006224                . = ALIGN (0x4)

.glue_7         0x0000000008006224        0x0
 .glue_7        0x0000000008006224        0x0 linker stubs

.glue_7t        0x0000000008006224        0x0
 .glue_7t       0x0000000008006224        0x0 linker stubs

.vfp11_veneer   0x0000000008006224        0x0
 .vfp11_veneer  0x0000000008006224        0x0 linker stubs

.v4_bx          0x0000000008006224        0x0
 .v4_bx         0x0000000008006224        0x0 linker stubs

.iplt           0x0000000008006224        0x0
 .iplt          0x0000000008006224        0x0 uart.o

.rel.dyn        0x0000000008006224        0x0
 .rel.iplt      0x0000000008006224        0x0 uart.o

.preinit_array  0x0000000008006224        0x0
                0x0000000008006224                . = ALIGN (0x4)
                0x0000000008006224                __preinit_array_start = .
 *(.preinit_array)
                0x0000000008006224                __preinit_array_end = .

.init_array     0x0000000008006224        0x0
                0x0000000008006224                . = ALIGN (0x4)
                0x0000000008006224                __init_array_start = .
 *(SORT_BY_NAME(.init_array.*))
 *(.init_array)
                0x0000000008006224                __init_array_end = .

.fini_array     0x0000000008006224        0x0
                0x0000000008006224                . = ALIGN (0x4)
                0x0000000008006224                __fini_array_start = .
 *(.fini_array)
 *(SORT_BY_NAME(.fini_array.*))
                0x0000000008006224                __fini_array_end = .

.ARM.extab
 *(.ARM.extab*)

.ARM.exidx      0x0000000008006224        0x0
                0x0000000008006224                __exidx_start = .
 *(.ARM.exidx*)
                0x0000000008006224                __exidx_end = .
                0x0000000008006224                . = ALIGN (0x4)
                0x0000000008006224                _etext = .

.data           0x0000000020000000       0x1c load address 0x0000000008006224
                0x0000000020000000                _data = .
 *(.data*)
 .data.V33mV    0x0000000020000000        0x8 adc.o
                0x0000000020000000                V33mV
 .data.channel_array
                0x0000000020000008        0x5 adc.o
                0x0000000020000008                channel_array
 *fill*         0x000000002000000d        0x3 
 .data.uxCriticalNesting
                0x0000000020000010        0x4 ../FreeRTOS/Source/portable/GCC/ARM_CM0/port.o
 .data.rcc_ahb_frequency
                0x0000000020000014        0x4 ../libopencm3/lib/libopencm3_stm32f0.a(rcc.o)
                0x0000000020000014                rcc_ahb_frequency
 .data.rcc_apb1_frequency
                0x0000000020000018        0x4 ../libopencm3/lib/libopencm3_stm32f0.a(rcc.o)
                0x0000000020000018                rcc_apb1_frequency
                0x000000002000001c                . = ALIGN (0x4)
                0x000000002000001c                _edata = .
                0x0000000008006224                _data_loadaddr = LOADADDR (.data)

.igot.plt       0x000000002000001c        0x0 load address 0x0000000008006240
 .igot.plt      0x000000002000001c        0x0 uart.o

.bss            0x000000002000001c      0xc7c load address 0x0000000008006240
 *(.bss*)
 .bss.usart_incoming_queue
                0x000000002000001c        0x4 uart.o
                0x000000002000001c                usart_incoming_queue
 .bss.data      0x0000000020000020        0x1 tasks.o
                0x0000000020000020                data
 *fill*         0x0000000020000021        0x3 
 .bss.th_usart  0x0000000020000024        0x4 tasks.o
                0x0000000020000024                th_usart
 .bss.th_utils  0x0000000020000028        0x4 tasks.o
                0x0000000020000028                th_utils
 .bss.USQueue   0x000000002000002c       0x43 cmd.o
                0x000000002000002c                USQueue
 *fill*         0x000000002000006f        0x1 
 .bss._buffer.4034
                0x0000000020000070        0x4 misc.o
 .bss.outptr    0x0000000020000074        0x4 xprintf.o
 .bss.xfunc_out
                0x0000000020000078        0x4 xprintf.o
                0x0000000020000078                xfunc_out
 .bss.text_buf.5867
                0x000000002000007c       0x11 commands.o
 *fill*         0x000000002000008d        0x3 
 .bss.oled_buffer
                0x0000000020000090      0x200 oled.o
 .bss.oled_pos_x
                0x0000000020000290        0x4 oled.o
 .bss.oled_pos_y
                0x0000000020000294        0x4 oled.o
 .bss.LEDColor  0x0000000020000298        0x6 ws2812.o
 *fill*         0x000000002000029e        0x2 
 .bss.LEDbuffer
                0x00000000200002a0       0x95 ws2812.o
 *fill*         0x0000000020000335        0x3 
 .bss.channel_data
                0x0000000020000338       0x64 adc.o
                0x0000000020000338                channel_data
 .bss.cState    0x000000002000039c        0x8 state.o
 .bss.pxCurrentTCB
                0x00000000200003a4        0x4 ../FreeRTOS/Source/tasks.o
                0x00000000200003a4                pxCurrentTCB
 .bss.pxDelayedTaskList
                0x00000000200003a8        0x4 ../FreeRTOS/Source/tasks.o
 .bss.pxOverflowDelayedTaskList
                0x00000000200003ac        0x4 ../FreeRTOS/Source/tasks.o
 .bss.pxReadyTasksLists
                0x00000000200003b0       0x64 ../FreeRTOS/Source/tasks.o
 .bss.uxCurrentNumberOfTasks
                0x0000000020000414        0x4 ../FreeRTOS/Source/tasks.o
 .bss.uxPendedTicks
                0x0000000020000418        0x4 ../FreeRTOS/Source/tasks.o
 .bss.uxSchedulerSuspended
                0x000000002000041c        0x4 ../FreeRTOS/Source/tasks.o
 .bss.uxTaskNumber
                0x0000000020000420        0x4 ../FreeRTOS/Source/tasks.o
 .bss.uxTopReadyPriority
                0x0000000020000424        0x4 ../FreeRTOS/Source/tasks.o
 .bss.xDelayedTaskList1
                0x0000000020000428       0x14 ../FreeRTOS/Source/tasks.o
 .bss.xDelayedTaskList2
                0x000000002000043c       0x14 ../FreeRTOS/Source/tasks.o
 .bss.xIdleTaskHandle
                0x0000000020000450        0x4 ../FreeRTOS/Source/tasks.o
 .bss.xNextTaskUnblockTime
                0x0000000020000454        0x4 ../FreeRTOS/Source/tasks.o
 .bss.xNumOfOverflows
                0x0000000020000458        0x4 ../FreeRTOS/Source/tasks.o
 .bss.xPendingReadyList
                0x000000002000045c       0x14 ../FreeRTOS/Source/tasks.o
 .bss.xSchedulerRunning
                0x0000000020000470        0x4 ../FreeRTOS/Source/tasks.o
 .bss.xSuspendedTaskList
                0x0000000020000474       0x14 ../FreeRTOS/Source/tasks.o
 .bss.xTickCount
                0x0000000020000488        0x4 ../FreeRTOS/Source/tasks.o
 .bss.xYieldPending
                0x000000002000048c        0x4 ../FreeRTOS/Source/tasks.o
 .bss.pucAlignedHeap.4872
                0x0000000020000490        0x4 ../FreeRTOS/Source/MemMang/heap_1.o
 .bss.ucHeap    0x0000000020000494      0x800 ../FreeRTOS/Source/MemMang/heap_1.o
 .bss.xNextFreeByte
                0x0000000020000c94        0x4 ../FreeRTOS/Source/MemMang/heap_1.o
 *(COMMON)
                0x0000000020000c98                . = ALIGN (0x4)
                0x0000000020000c98                _ebss = .

/DISCARD/
 *(.eh_frame)
                0x0000000020000c98                . = ALIGN (0x4)
                0x0000000020000c98                end = .
                0x0000000020001000                PROVIDE (_stack = (ORIGIN (ram) + LENGTH (ram)))
OUTPUT(firmware.elf elf32-littlearm)

.debug_info     0x0000000000000000    0x185d6
 .debug_info    0x0000000000000000      0x799 uart.o
 .debug_info    0x0000000000000799      0x1e7 handlers.o
 .debug_info    0x0000000000000980      0xc1a tasks.o
 .debug_info    0x000000000000159a      0xb1e leds.o
 .debug_info    0x00000000000020b8      0xb88 cmd.o
 .debug_info    0x0000000000002c40      0x166 misc.o
 .debug_info    0x0000000000002da6      0x8ac xprintf.o
 .debug_info    0x0000000000003652     0x24d5 commands.o
 .debug_info    0x0000000000005b27     0x13a7 control.o
 .debug_info    0x0000000000006ece     0x1b4c oled.o
 .debug_info    0x0000000000008a1a     0x14c3 ws2812.o
 .debug_info    0x0000000000009edd      0x34a keys.o
 .debug_info    0x000000000000a227     0x1333 adc.o
 .debug_info    0x000000000000b55a       0x38 hdmi.o
 .debug_info    0x000000000000b592      0xa0b state.o
 .debug_info    0x000000000000bf9d      0xb72 ../FreeRTOS/Source/list.o
 .debug_info    0x000000000000cb0f     0x2894 ../FreeRTOS/Source/queue.o
 .debug_info    0x000000000000f3a3     0x2840 ../FreeRTOS/Source/tasks.o
 .debug_info    0x0000000000011be3      0xa86 ../FreeRTOS/Source/MemMang/heap_1.o
 .debug_info    0x0000000000012669      0x301 ../FreeRTOS/Source/portable/GCC/ARM_CM0/port.o
 .debug_info    0x000000000001296a      0xd2b firmware.o
 .debug_info    0x0000000000013695      0x7c7 ../libopencm3/lib/libopencm3_stm32f0.a(rcc.o)
 .debug_info    0x0000000000013e5c      0x52a ../libopencm3/lib/libopencm3_stm32f0.a(adc.o)
 .debug_info    0x0000000000014386      0x22c ../libopencm3/lib/libopencm3_stm32f0.a(gpio_common_all.o)
 .debug_info    0x00000000000145b2      0x1f7 ../libopencm3/lib/libopencm3_stm32f0.a(gpio_common_f0234.o)
 .debug_info    0x00000000000147a9      0x6bc ../libopencm3/lib/libopencm3_stm32f0.a(dma_common_l1f013.o)
 .debug_info    0x0000000000014e65      0x206 ../libopencm3/lib/libopencm3_stm32f0.a(exti_common_all.o)
 .debug_info    0x000000000001506b     0x1039 ../libopencm3/lib/libopencm3_stm32f0.a(timer_common_all.o)
 .debug_info    0x00000000000160a4      0x551 ../libopencm3/lib/libopencm3_stm32f0.a(rcc_common_all.o)
 .debug_info    0x00000000000165f5      0x62e ../libopencm3/lib/libopencm3_stm32f0.a(adc_common_v2.o)
 .debug_info    0x0000000000016c23       0xec ../libopencm3/lib/libopencm3_stm32f0.a(flash_common_all.o)
 .debug_info    0x0000000000016d0f      0x4ba ../libopencm3/lib/libopencm3_stm32f0.a(usart_common_all.o)
 .debug_info    0x00000000000171c9      0x364 ../libopencm3/lib/libopencm3_stm32f0.a(usart_common_v2.o)
 .debug_info    0x000000000001752d      0x90e ../libopencm3/lib/libopencm3_stm32f0.a(spi_common_all.o)
 .debug_info    0x0000000000017e3b      0x24f ../libopencm3/lib/libopencm3_stm32f0.a(spi_common_v2.o)
 .debug_info    0x000000000001808a      0x2ae ../libopencm3/lib/libopencm3_stm32f0.a(vector.o)
 .debug_info    0x0000000000018338      0x1b0 ../libopencm3/lib/libopencm3_stm32f0.a(nvic.o)
 .debug_info    0x00000000000184e8       0xee ../libopencm3/lib/libopencm3_stm32f0.a(assert.o)

.debug_abbrev   0x0000000000000000     0x4c56
 .debug_abbrev  0x0000000000000000      0x1e5 uart.o
 .debug_abbrev  0x00000000000001e5       0xfe handlers.o
 .debug_abbrev  0x00000000000002e3      0x256 tasks.o
 .debug_abbrev  0x0000000000000539      0x259 leds.o
 .debug_abbrev  0x0000000000000792      0x2c1 cmd.o
 .debug_abbrev  0x0000000000000a53       0xcd misc.o
 .debug_abbrev  0x0000000000000b20      0x317 xprintf.o
 .debug_abbrev  0x0000000000000e37      0x525 commands.o
 .debug_abbrev  0x000000000000135c      0x36c control.o
 .debug_abbrev  0x00000000000016c8      0x41a oled.o
 .debug_abbrev  0x0000000000001ae2      0x2f1 ws2812.o
 .debug_abbrev  0x0000000000001dd3      0x131 keys.o
 .debug_abbrev  0x0000000000001f04      0x395 adc.o
 .debug_abbrev  0x0000000000002299       0x2e hdmi.o
 .debug_abbrev  0x00000000000022c7      0x235 state.o
 .debug_abbrev  0x00000000000024fc      0x236 ../FreeRTOS/Source/list.o
 .debug_abbrev  0x0000000000002732      0x4ab ../FreeRTOS/Source/queue.o
 .debug_abbrev  0x0000000000002bdd      0x525 ../FreeRTOS/Source/tasks.o
 .debug_abbrev  0x0000000000003102      0x2b4 ../FreeRTOS/Source/MemMang/heap_1.o
 .debug_abbrev  0x00000000000033b6      0x215 ../FreeRTOS/Source/portable/GCC/ARM_CM0/port.o
 .debug_abbrev  0x00000000000035cb      0x28e firmware.o
 .debug_abbrev  0x0000000000003859      0x267 ../libopencm3/lib/libopencm3_stm32f0.a(rcc.o)
 .debug_abbrev  0x0000000000003ac0      0x184 ../libopencm3/lib/libopencm3_stm32f0.a(adc.o)
 .debug_abbrev  0x0000000000003c44       0xf4 ../libopencm3/lib/libopencm3_stm32f0.a(gpio_common_all.o)
 .debug_abbrev  0x0000000000003d38       0xb7 ../libopencm3/lib/libopencm3_stm32f0.a(gpio_common_f0234.o)
 .debug_abbrev  0x0000000000003def      0x136 ../libopencm3/lib/libopencm3_stm32f0.a(dma_common_l1f013.o)
 .debug_abbrev  0x0000000000003f25       0xe5 ../libopencm3/lib/libopencm3_stm32f0.a(exti_common_all.o)
 .debug_abbrev  0x000000000000400a      0x18e ../libopencm3/lib/libopencm3_stm32f0.a(timer_common_all.o)
 .debug_abbrev  0x0000000000004198      0x137 ../libopencm3/lib/libopencm3_stm32f0.a(rcc_common_all.o)
 .debug_abbrev  0x00000000000042cf      0x1e3 ../libopencm3/lib/libopencm3_stm32f0.a(adc_common_v2.o)
 .debug_abbrev  0x00000000000044b2       0x8a ../libopencm3/lib/libopencm3_stm32f0.a(flash_common_all.o)
 .debug_abbrev  0x000000000000453c      0x126 ../libopencm3/lib/libopencm3_stm32f0.a(usart_common_all.o)
 .debug_abbrev  0x0000000000004662      0x109 ../libopencm3/lib/libopencm3_stm32f0.a(usart_common_v2.o)
 .debug_abbrev  0x000000000000476b      0x1a9 ../libopencm3/lib/libopencm3_stm32f0.a(spi_common_all.o)
 .debug_abbrev  0x0000000000004914       0xe6 ../libopencm3/lib/libopencm3_stm32f0.a(spi_common_v2.o)
 .debug_abbrev  0x00000000000049fa      0x127 ../libopencm3/lib/libopencm3_stm32f0.a(vector.o)
 .debug_abbrev  0x0000000000004b21       0xa6 ../libopencm3/lib/libopencm3_stm32f0.a(nvic.o)
 .debug_abbrev  0x0000000000004bc7       0x8f ../libopencm3/lib/libopencm3_stm32f0.a(assert.o)

.debug_loc      0x0000000000000000     0xae46
 .debug_loc     0x0000000000000000       0x90 uart.o
 .debug_loc     0x0000000000000090       0x4a handlers.o
 .debug_loc     0x00000000000000da       0x4a tasks.o
 .debug_loc     0x0000000000000124       0xfb leds.o
 .debug_loc     0x000000000000021f       0xe9 cmd.o
 .debug_loc     0x0000000000000308      0x1ba misc.o
 .debug_loc     0x00000000000004c2     0x140c xprintf.o
 .debug_loc     0x00000000000018ce      0xeed commands.o
 .debug_loc     0x00000000000027bb      0x482 control.o
 .debug_loc     0x0000000000002c3d      0xef6 oled.o
 .debug_loc     0x0000000000003b33      0x56a ws2812.o
 .debug_loc     0x000000000000409d      0x265 adc.o
 .debug_loc     0x0000000000004302       0xbc ../FreeRTOS/Source/list.o
 .debug_loc     0x00000000000043be     0x20f3 ../FreeRTOS/Source/queue.o
 .debug_loc     0x00000000000064b1     0x1c0b ../FreeRTOS/Source/tasks.o
 .debug_loc     0x00000000000080bc       0x6e ../FreeRTOS/Source/MemMang/heap_1.o
 .debug_loc     0x000000000000812a       0xce ../FreeRTOS/Source/portable/GCC/ARM_CM0/port.o
 .debug_loc     0x00000000000081f8      0x286 ../libopencm3/lib/libopencm3_stm32f0.a(rcc.o)
 .debug_loc     0x000000000000847e      0x2cd ../libopencm3/lib/libopencm3_stm32f0.a(adc.o)
 .debug_loc     0x000000000000874b       0x97 ../libopencm3/lib/libopencm3_stm32f0.a(gpio_common_all.o)
 .debug_loc     0x00000000000087e2      0x186 ../libopencm3/lib/libopencm3_stm32f0.a(gpio_common_f0234.o)
 .debug_loc     0x0000000000008968      0x878 ../libopencm3/lib/libopencm3_stm32f0.a(dma_common_l1f013.o)
 .debug_loc     0x00000000000091e0      0x1ec ../libopencm3/lib/libopencm3_stm32f0.a(exti_common_all.o)
 .debug_loc     0x00000000000093cc      0xfb0 ../libopencm3/lib/libopencm3_stm32f0.a(timer_common_all.o)
 .debug_loc     0x000000000000a37c       0xe7 ../libopencm3/lib/libopencm3_stm32f0.a(rcc_common_all.o)
 .debug_loc     0x000000000000a463      0x21b ../libopencm3/lib/libopencm3_stm32f0.a(adc_common_v2.o)
 .debug_loc     0x000000000000a67e       0x3f ../libopencm3/lib/libopencm3_stm32f0.a(flash_common_all.o)
 .debug_loc     0x000000000000a6bd      0x1e1 ../libopencm3/lib/libopencm3_stm32f0.a(usart_common_all.o)
 .debug_loc     0x000000000000a89e       0xc3 ../libopencm3/lib/libopencm3_stm32f0.a(usart_common_v2.o)
 .debug_loc     0x000000000000a961      0x133 ../libopencm3/lib/libopencm3_stm32f0.a(spi_common_all.o)
 .debug_loc     0x000000000000aa94      0x14a ../libopencm3/lib/libopencm3_stm32f0.a(spi_common_v2.o)
 .debug_loc     0x000000000000abde       0xf2 ../libopencm3/lib/libopencm3_stm32f0.a(vector.o)
 .debug_loc     0x000000000000acd0       0xf2 ../libopencm3/lib/libopencm3_stm32f0.a(nvic.o)
 .debug_loc     0x000000000000adc2       0x84 ../libopencm3/lib/libopencm3_stm32f0.a(assert.o)

.debug_aranges  0x0000000000000000     0x1430
 .debug_aranges
                0x0000000000000000       0x48 uart.o
 .debug_aranges
                0x0000000000000048       0x48 handlers.o
 .debug_aranges
                0x0000000000000090       0x30 tasks.o
 .debug_aranges
                0x00000000000000c0       0x38 leds.o
 .debug_aranges
                0x00000000000000f8       0x28 cmd.o
 .debug_aranges
                0x0000000000000120       0x28 misc.o
 .debug_aranges
                0x0000000000000148       0x78 xprintf.o
 .debug_aranges
                0x00000000000001c0       0xe0 commands.o
 .debug_aranges
                0x00000000000002a0       0xc8 control.o
 .debug_aranges
                0x0000000000000368       0x80 oled.o
 .debug_aranges
                0x00000000000003e8       0x50 ws2812.o
 .debug_aranges
                0x0000000000000438       0x38 keys.o
 .debug_aranges
                0x0000000000000470       0x58 adc.o
 .debug_aranges
                0x00000000000004c8       0x20 hdmi.o
 .debug_aranges
                0x00000000000004e8       0x40 state.o
 .debug_aranges
                0x0000000000000528       0x40 ../FreeRTOS/Source/list.o
 .debug_aranges
                0x0000000000000568      0x110 ../FreeRTOS/Source/queue.o
 .debug_aranges
                0x0000000000000678      0x140 ../FreeRTOS/Source/tasks.o
 .debug_aranges
                0x00000000000007b8       0x38 ../FreeRTOS/Source/MemMang/heap_1.o
 .debug_aranges
                0x00000000000007f0       0x80 ../FreeRTOS/Source/portable/GCC/ARM_CM0/port.o
 .debug_aranges
                0x0000000000000870       0x28 firmware.o
 .debug_aranges
                0x0000000000000898      0x110 ../libopencm3/lib/libopencm3_stm32f0.a(rcc.o)
 .debug_aranges
                0x00000000000009a8       0xe0 ../libopencm3/lib/libopencm3_stm32f0.a(adc.o)
 .debug_aranges
                0x0000000000000a88       0x50 ../libopencm3/lib/libopencm3_stm32f0.a(gpio_common_all.o)
 .debug_aranges
                0x0000000000000ad8       0x30 ../libopencm3/lib/libopencm3_stm32f0.a(gpio_common_f0234.o)
 .debug_aranges
                0x0000000000000b08       0xe8 ../libopencm3/lib/libopencm3_stm32f0.a(dma_common_l1f013.o)
 .debug_aranges
                0x0000000000000bf0       0x48 ../libopencm3/lib/libopencm3_stm32f0.a(exti_common_all.o)
 .debug_aranges
                0x0000000000000c38      0x268 ../libopencm3/lib/libopencm3_stm32f0.a(timer_common_all.o)
 .debug_aranges
                0x0000000000000ea0       0x68 ../libopencm3/lib/libopencm3_stm32f0.a(rcc_common_all.o)
 .debug_aranges
                0x0000000000000f08      0x118 ../libopencm3/lib/libopencm3_stm32f0.a(adc_common_v2.o)
 .debug_aranges
                0x0000000000001020       0x38 ../libopencm3/lib/libopencm3_stm32f0.a(flash_common_all.o)
 .debug_aranges
                0x0000000000001058       0xb8 ../libopencm3/lib/libopencm3_stm32f0.a(usart_common_all.o)
 .debug_aranges
                0x0000000000001110       0xa8 ../libopencm3/lib/libopencm3_stm32f0.a(usart_common_v2.o)
 .debug_aranges
                0x00000000000011b8      0x178 ../libopencm3/lib/libopencm3_stm32f0.a(spi_common_all.o)
 .debug_aranges
                0x0000000000001330       0x58 ../libopencm3/lib/libopencm3_stm32f0.a(spi_common_v2.o)
 .debug_aranges
                0x0000000000001388       0x30 ../libopencm3/lib/libopencm3_stm32f0.a(vector.o)
 .debug_aranges
                0x00000000000013b8       0x50 ../libopencm3/lib/libopencm3_stm32f0.a(nvic.o)
 .debug_aranges
                0x0000000000001408       0x28 ../libopencm3/lib/libopencm3_stm32f0.a(assert.o)

.debug_ranges   0x0000000000000000     0x19c0
 .debug_ranges  0x0000000000000000       0x60 uart.o
 .debug_ranges  0x0000000000000060       0x38 handlers.o
 .debug_ranges  0x0000000000000098       0x20 tasks.o
 .debug_ranges  0x00000000000000b8       0x28 leds.o
 .debug_ranges  0x00000000000000e0       0x18 cmd.o
 .debug_ranges  0x00000000000000f8       0x18 misc.o
 .debug_ranges  0x0000000000000110       0x80 xprintf.o
 .debug_ranges  0x0000000000000190      0x208 commands.o
 .debug_ranges  0x0000000000000398      0x138 control.o
 .debug_ranges  0x00000000000004d0       0xf0 oled.o
 .debug_ranges  0x00000000000005c0       0x58 ws2812.o
 .debug_ranges  0x0000000000000618       0x28 keys.o
 .debug_ranges  0x0000000000000640       0xf8 adc.o
 .debug_ranges  0x0000000000000738       0x10 hdmi.o
 .debug_ranges  0x0000000000000748       0x30 state.o
 .debug_ranges  0x0000000000000778       0x30 ../FreeRTOS/Source/list.o
 .debug_ranges  0x00000000000007a8      0x2e0 ../FreeRTOS/Source/queue.o
 .debug_ranges  0x0000000000000a88      0x368 ../FreeRTOS/Source/tasks.o
 .debug_ranges  0x0000000000000df0       0x28 ../FreeRTOS/Source/MemMang/heap_1.o
 .debug_ranges  0x0000000000000e18       0x90 ../FreeRTOS/Source/portable/GCC/ARM_CM0/port.o
 .debug_ranges  0x0000000000000ea8       0x30 firmware.o
 .debug_ranges  0x0000000000000ed8      0x128 ../libopencm3/lib/libopencm3_stm32f0.a(rcc.o)
 .debug_ranges  0x0000000000001000       0xd0 ../libopencm3/lib/libopencm3_stm32f0.a(adc.o)
 .debug_ranges  0x00000000000010d0       0x40 ../libopencm3/lib/libopencm3_stm32f0.a(gpio_common_all.o)
 .debug_ranges  0x0000000000001110       0x20 ../libopencm3/lib/libopencm3_stm32f0.a(gpio_common_f0234.o)
 .debug_ranges  0x0000000000001130       0xd8 ../libopencm3/lib/libopencm3_stm32f0.a(dma_common_l1f013.o)
 .debug_ranges  0x0000000000001208       0x58 ../libopencm3/lib/libopencm3_stm32f0.a(exti_common_all.o)
 .debug_ranges  0x0000000000001260      0x258 ../libopencm3/lib/libopencm3_stm32f0.a(timer_common_all.o)
 .debug_ranges  0x00000000000014b8       0x58 ../libopencm3/lib/libopencm3_stm32f0.a(rcc_common_all.o)
 .debug_ranges  0x0000000000001510      0x120 ../libopencm3/lib/libopencm3_stm32f0.a(adc_common_v2.o)
 .debug_ranges  0x0000000000001630       0x28 ../libopencm3/lib/libopencm3_stm32f0.a(flash_common_all.o)
 .debug_ranges  0x0000000000001658       0xa8 ../libopencm3/lib/libopencm3_stm32f0.a(usart_common_all.o)
 .debug_ranges  0x0000000000001700       0x98 ../libopencm3/lib/libopencm3_stm32f0.a(usart_common_v2.o)
 .debug_ranges  0x0000000000001798      0x168 ../libopencm3/lib/libopencm3_stm32f0.a(spi_common_all.o)
 .debug_ranges  0x0000000000001900       0x48 ../libopencm3/lib/libopencm3_stm32f0.a(spi_common_v2.o)
 .debug_ranges  0x0000000000001948       0x20 ../libopencm3/lib/libopencm3_stm32f0.a(vector.o)
 .debug_ranges  0x0000000000001968       0x40 ../libopencm3/lib/libopencm3_stm32f0.a(nvic.o)
 .debug_ranges  0x00000000000019a8       0x18 ../libopencm3/lib/libopencm3_stm32f0.a(assert.o)

.debug_line     0x0000000000000000     0xd3f7
 .debug_line    0x0000000000000000      0x406 uart.o
 .debug_line    0x0000000000000406      0x11a handlers.o
 .debug_line    0x0000000000000520      0x295 tasks.o
 .debug_line    0x00000000000007b5      0x2d2 leds.o
 .debug_line    0x0000000000000a87      0x2bf cmd.o
 .debug_line    0x0000000000000d46      0x104 misc.o
 .debug_line    0x0000000000000e4a      0x9e3 xprintf.o
 .debug_line    0x000000000000182d      0xb72 commands.o
 .debug_line    0x000000000000239f      0x72e control.o
 .debug_line    0x0000000000002acd      0xa53 oled.o
 .debug_line    0x0000000000003520      0x5ad ws2812.o
 .debug_line    0x0000000000003acd      0x2c2 keys.o
 .debug_line    0x0000000000003d8f      0x4d8 adc.o
 .debug_line    0x0000000000004267       0x3b hdmi.o
 .debug_line    0x00000000000042a2      0x1b6 state.o
 .debug_line    0x0000000000004458      0x3b9 ../FreeRTOS/Source/list.o
 .debug_line    0x0000000000004811     0x1d40 ../FreeRTOS/Source/queue.o
 .debug_line    0x0000000000006551     0x2265 ../FreeRTOS/Source/tasks.o
 .debug_line    0x00000000000087b6      0x2f4 ../FreeRTOS/Source/MemMang/heap_1.o
 .debug_line    0x0000000000008aaa      0x478 ../FreeRTOS/Source/portable/GCC/ARM_CM0/port.o
 .debug_line    0x0000000000008f22      0x318 firmware.o
 .debug_line    0x000000000000923a      0x5c6 ../libopencm3/lib/libopencm3_stm32f0.a(rcc.o)
 .debug_line    0x0000000000009800      0x456 ../libopencm3/lib/libopencm3_stm32f0.a(adc.o)
 .debug_line    0x0000000000009c56      0x2d0 ../libopencm3/lib/libopencm3_stm32f0.a(gpio_common_all.o)
 .debug_line    0x0000000000009f26      0x2c8 ../libopencm3/lib/libopencm3_stm32f0.a(gpio_common_f0234.o)
 .debug_line    0x000000000000a1ee      0x426 ../libopencm3/lib/libopencm3_stm32f0.a(dma_common_l1f013.o)
 .debug_line    0x000000000000a614      0x341 ../libopencm3/lib/libopencm3_stm32f0.a(exti_common_all.o)
 .debug_line    0x000000000000a955      0x97b ../libopencm3/lib/libopencm3_stm32f0.a(timer_common_all.o)
 .debug_line    0x000000000000b2d0      0x2ea ../libopencm3/lib/libopencm3_stm32f0.a(rcc_common_all.o)
 .debug_line    0x000000000000b5ba      0x4c8 ../libopencm3/lib/libopencm3_stm32f0.a(adc_common_v2.o)
 .debug_line    0x000000000000ba82      0x294 ../libopencm3/lib/libopencm3_stm32f0.a(flash_common_all.o)
 .debug_line    0x000000000000bd16      0x3fa ../libopencm3/lib/libopencm3_stm32f0.a(usart_common_all.o)
 .debug_line    0x000000000000c110      0x393 ../libopencm3/lib/libopencm3_stm32f0.a(usart_common_v2.o)
 .debug_line    0x000000000000c4a3      0x5e7 ../libopencm3/lib/libopencm3_stm32f0.a(spi_common_all.o)
 .debug_line    0x000000000000ca8a      0x301 ../libopencm3/lib/libopencm3_stm32f0.a(spi_common_v2.o)
 .debug_line    0x000000000000cd8b      0x2aa ../libopencm3/lib/libopencm3_stm32f0.a(vector.o)
 .debug_line    0x000000000000d035      0x250 ../libopencm3/lib/libopencm3_stm32f0.a(nvic.o)
 .debug_line    0x000000000000d285      0x172 ../libopencm3/lib/libopencm3_stm32f0.a(assert.o)

.debug_str      0x0000000000000000    0x19eed
 .debug_str     0x0000000000000000      0x55f uart.o
                                        0x63c (size before relaxing)
 .debug_str     0x000000000000055f      0x107 handlers.o
                                        0x275 (size before relaxing)
 .debug_str     0x0000000000000666      0x485 tasks.o
                                        0x70d (size before relaxing)
 .debug_str     0x0000000000000aeb       0x96 leds.o
                                        0x63b (size before relaxing)
 .debug_str     0x0000000000000b81       0x7d cmd.o
                                        0x675 (size before relaxing)
 .debug_str     0x0000000000000bfe       0x33 misc.o
                                        0x132 (size before relaxing)
 .debug_str     0x0000000000000c31       0x84 xprintf.o
                                        0x1e4 (size before relaxing)
 .debug_str     0x0000000000000cb5      0x4e5 commands.o
                                        0xbc9 (size before relaxing)
 .debug_str     0x000000000000119a       0x82 control.o
                                        0x807 (size before relaxing)
 .debug_str     0x000000000000121c      0x401 oled.o
                                        0xabe (size before relaxing)
 .debug_str     0x000000000000161d      0x3b6 ws2812.o
                                        0xc49 (size before relaxing)
 .debug_str     0x00000000000019d3       0xe3 keys.o
                                        0x35c (size before relaxing)
 .debug_str     0x0000000000001ab6      0x26e adc.o
                                        0xb97 (size before relaxing)
 .debug_str     0x0000000000001d24       0x12 hdmi.o
                                         0xf7 (size before relaxing)
 .debug_str     0x0000000000001d36       0x41 state.o
                                        0x5fb (size before relaxing)
 .debug_str     0x0000000000001d77      0x137 ../FreeRTOS/Source/list.o
                                        0x6b7 (size before relaxing)
 .debug_str     0x0000000000001eae      0x64d ../FreeRTOS/Source/queue.o
                                        0xd8c (size before relaxing)
 .debug_str     0x00000000000024fb      0x810 ../FreeRTOS/Source/tasks.o
                                       0x10e6 (size before relaxing)
 .debug_str     0x0000000000002d0b       0x88 ../FreeRTOS/Source/MemMang/heap_1.o
                                        0x652 (size before relaxing)
 .debug_str     0x0000000000002d93       0xa2 ../FreeRTOS/Source/portable/GCC/ARM_CM0/port.o
                                        0x35a (size before relaxing)
 .debug_str     0x0000000000002e35       0x4f firmware.o
                                        0x8c3 (size before relaxing)
 .debug_str     0x0000000000002e84     0x83b2 ../libopencm3/lib/libopencm3_stm32f0.a(rcc.o)
                                       0x85f6 (size before relaxing)
 .debug_str     0x000000000000b236     0x115f ../libopencm3/lib/libopencm3_stm32f0.a(adc.o)
                                       0x5454 (size before relaxing)
 .debug_str     0x000000000000c395     0x14da ../libopencm3/lib/libopencm3_stm32f0.a(gpio_common_all.o)
                                       0x55f0 (size before relaxing)
 .debug_str     0x000000000000d86f       0x61 ../libopencm3/lib/libopencm3_stm32f0.a(gpio_common_f0234.o)
                                       0x5612 (size before relaxing)
 .debug_str     0x000000000000d8d0     0x1df3 ../libopencm3/lib/libopencm3_stm32f0.a(dma_common_l1f013.o)
                                       0x6096 (size before relaxing)
 .debug_str     0x000000000000f6c3      0xa3e ../libopencm3/lib/libopencm3_stm32f0.a(exti_common_all.o)
                                       0x6053 (size before relaxing)
 .debug_str     0x0000000000010101     0x4a50 ../libopencm3/lib/libopencm3_stm32f0.a(timer_common_all.o)
                                       0xb3d6 (size before relaxing)
 .debug_str     0x0000000000014b51      0x168 ../libopencm3/lib/libopencm3_stm32f0.a(rcc_common_all.o)
                                       0x6c07 (size before relaxing)
 .debug_str     0x0000000000014cb9      0x220 ../libopencm3/lib/libopencm3_stm32f0.a(adc_common_v2.o)
                                       0x52c5 (size before relaxing)
 .debug_str     0x0000000000014ed9       0x4e ../libopencm3/lib/libopencm3_stm32f0.a(flash_common_all.o)
                                       0x4ab5 (size before relaxing)
 .debug_str     0x0000000000014f27     0x1d17 ../libopencm3/lib/libopencm3_stm32f0.a(usart_common_all.o)
                                       0x84d1 (size before relaxing)
 .debug_str     0x0000000000016c3e      0x190 ../libopencm3/lib/libopencm3_stm32f0.a(usart_common_v2.o)
                                       0x5e7e (size before relaxing)
 .debug_str     0x0000000000016dce     0x152c ../libopencm3/lib/libopencm3_stm32f0.a(spi_common_all.o)
                                       0x7e4b (size before relaxing)
 .debug_str     0x00000000000182fa       0x96 ../libopencm3/lib/libopencm3_stm32f0.a(spi_common_v2.o)
                                       0x795c (size before relaxing)
 .debug_str     0x0000000000018390     0x12eb ../libopencm3/lib/libopencm3_stm32f0.a(vector.o)
                                       0x4a1f (size before relaxing)
 .debug_str     0x000000000001967b      0x839 ../libopencm3/lib/libopencm3_stm32f0.a(nvic.o)
                                       0x43d1 (size before relaxing)
 .debug_str     0x0000000000019eb4       0x39 ../libopencm3/lib/libopencm3_stm32f0.a(assert.o)
                                       0x3758 (size before relaxing)

.comment        0x0000000000000000       0xa6
 .comment       0x0000000000000000       0x75 uart.o
                                         0x76 (size before relaxing)
 .comment       0x0000000000000075       0x76 handlers.o
 .comment       0x0000000000000075       0x76 tasks.o
 .comment       0x0000000000000075       0x76 leds.o
 .comment       0x0000000000000075       0x76 cmd.o
 .comment       0x0000000000000075       0x76 misc.o
 .comment       0x0000000000000075       0x76 xprintf.o
 .comment       0x0000000000000075       0x76 commands.o
 .comment       0x0000000000000075       0x76 control.o
 .comment       0x0000000000000075       0x76 oled.o
 .comment       0x0000000000000075       0x76 ws2812.o
 .comment       0x0000000000000075       0x76 keys.o
 .comment       0x0000000000000075       0x76 adc.o
 .comment       0x0000000000000075       0x76 hdmi.o
 .comment       0x0000000000000075       0x76 state.o
 .comment       0x0000000000000075       0x76 ../FreeRTOS/Source/list.o
 .comment       0x0000000000000075       0x76 ../FreeRTOS/Source/queue.o
 .comment       0x0000000000000075       0x76 ../FreeRTOS/Source/tasks.o
 .comment       0x0000000000000075       0x76 ../FreeRTOS/Source/MemMang/heap_1.o
 .comment       0x0000000000000075       0x76 ../FreeRTOS/Source/portable/GCC/ARM_CM0/port.o
 .comment       0x0000000000000075       0x76 firmware.o
 .comment       0x0000000000000075       0x31 ../libopencm3/lib/libopencm3_stm32f0.a(rcc.o)
                                         0x32 (size before relaxing)
 .comment       0x00000000000000a6       0x32 ../libopencm3/lib/libopencm3_stm32f0.a(adc.o)
 .comment       0x00000000000000a6       0x32 ../libopencm3/lib/libopencm3_stm32f0.a(gpio_common_all.o)
 .comment       0x00000000000000a6       0x32 ../libopencm3/lib/libopencm3_stm32f0.a(gpio_common_f0234.o)
 .comment       0x00000000000000a6       0x32 ../libopencm3/lib/libopencm3_stm32f0.a(dma_common_l1f013.o)
 .comment       0x00000000000000a6       0x32 ../libopencm3/lib/libopencm3_stm32f0.a(exti_common_all.o)
 .comment       0x00000000000000a6       0x32 ../libopencm3/lib/libopencm3_stm32f0.a(timer_common_all.o)
 .comment       0x00000000000000a6       0x32 ../libopencm3/lib/libopencm3_stm32f0.a(rcc_common_all.o)
 .comment       0x00000000000000a6       0x32 ../libopencm3/lib/libopencm3_stm32f0.a(adc_common_v2.o)
 .comment       0x00000000000000a6       0x32 ../libopencm3/lib/libopencm3_stm32f0.a(flash_common_all.o)
 .comment       0x00000000000000a6       0x32 ../libopencm3/lib/libopencm3_stm32f0.a(usart_common_all.o)
 .comment       0x00000000000000a6       0x32 ../libopencm3/lib/libopencm3_stm32f0.a(usart_common_v2.o)
 .comment       0x00000000000000a6       0x32 ../libopencm3/lib/libopencm3_stm32f0.a(spi_common_all.o)
 .comment       0x00000000000000a6       0x32 ../libopencm3/lib/libopencm3_stm32f0.a(spi_common_v2.o)
 .comment       0x00000000000000a6       0x32 ../libopencm3/lib/libopencm3_stm32f0.a(vector.o)
 .comment       0x00000000000000a6       0x32 ../libopencm3/lib/libopencm3_stm32f0.a(nvic.o)
 .comment       0x00000000000000a6       0x32 ../libopencm3/lib/libopencm3_stm32f0.a(assert.o)

.ARM.attributes
                0x0000000000000000       0x2a
 .ARM.attributes
                0x0000000000000000       0x2c uart.o
 .ARM.attributes
                0x000000000000002c       0x2c handlers.o
 .ARM.attributes
                0x0000000000000058       0x2c tasks.o
 .ARM.attributes
                0x0000000000000084       0x2c leds.o
 .ARM.attributes
                0x00000000000000b0       0x2c cmd.o
 .ARM.attributes
                0x00000000000000dc       0x2c misc.o
 .ARM.attributes
                0x0000000000000108       0x2c xprintf.o
 .ARM.attributes
                0x0000000000000134       0x2c commands.o
 .ARM.attributes
                0x0000000000000160       0x2c control.o
 .ARM.attributes
                0x000000000000018c       0x2c oled.o
 .ARM.attributes
                0x00000000000001b8       0x2c ws2812.o
 .ARM.attributes
                0x00000000000001e4       0x2c keys.o
 .ARM.attributes
                0x0000000000000210       0x2c adc.o
 .ARM.attributes
                0x000000000000023c       0x2c hdmi.o
 .ARM.attributes
                0x0000000000000268       0x2c state.o
 .ARM.attributes
                0x0000000000000294       0x2c ../FreeRTOS/Source/list.o
 .ARM.attributes
                0x00000000000002c0       0x2c ../FreeRTOS/Source/queue.o
 .ARM.attributes
                0x00000000000002ec       0x2c ../FreeRTOS/Source/tasks.o
 .ARM.attributes
                0x0000000000000318       0x2c ../FreeRTOS/Source/MemMang/heap_1.o
 .ARM.attributes
                0x0000000000000344       0x2c ../FreeRTOS/Source/portable/GCC/ARM_CM0/port.o
 .ARM.attributes
                0x0000000000000370       0x2c firmware.o
 .ARM.attributes
                0x000000000000039c       0x31 ../libopencm3/lib/libopencm3_stm32f0.a(rcc.o)
 .ARM.attributes
                0x00000000000003cd       0x31 ../libopencm3/lib/libopencm3_stm32f0.a(adc.o)
 .ARM.attributes
                0x00000000000003fe       0x31 ../libopencm3/lib/libopencm3_stm32f0.a(gpio_common_all.o)
 .ARM.attributes
                0x000000000000042f       0x31 ../libopencm3/lib/libopencm3_stm32f0.a(gpio_common_f0234.o)
 .ARM.attributes
                0x0000000000000460       0x31 ../libopencm3/lib/libopencm3_stm32f0.a(dma_common_l1f013.o)
 .ARM.attributes
                0x0000000000000491       0x31 ../libopencm3/lib/libopencm3_stm32f0.a(exti_common_all.o)
 .ARM.attributes
                0x00000000000004c2       0x31 ../libopencm3/lib/libopencm3_stm32f0.a(timer_common_all.o)
 .ARM.attributes
                0x00000000000004f3       0x31 ../libopencm3/lib/libopencm3_stm32f0.a(rcc_common_all.o)
 .ARM.attributes
                0x0000000000000524       0x31 ../libopencm3/lib/libopencm3_stm32f0.a(adc_common_v2.o)
 .ARM.attributes
                0x0000000000000555       0x31 ../libopencm3/lib/libopencm3_stm32f0.a(flash_common_all.o)
 .ARM.attributes
                0x0000000000000586       0x31 ../libopencm3/lib/libopencm3_stm32f0.a(usart_common_all.o)
 .ARM.attributes
                0x00000000000005b7       0x31 ../libopencm3/lib/libopencm3_stm32f0.a(usart_common_v2.o)
 .ARM.attributes
                0x00000000000005e8       0x31 ../libopencm3/lib/libopencm3_stm32f0.a(spi_common_all.o)
 .ARM.attributes
                0x0000000000000619       0x31 ../libopencm3/lib/libopencm3_stm32f0.a(spi_common_v2.o)
 .ARM.attributes
                0x000000000000064a       0x31 ../libopencm3/lib/libopencm3_stm32f0.a(vector.o)
 .ARM.attributes
                0x000000000000067b       0x31 ../libopencm3/lib/libopencm3_stm32f0.a(nvic.o)
 .ARM.attributes
                0x00000000000006ac       0x31 ../libopencm3/lib/libopencm3_stm32f0.a(assert.o)
 .ARM.attributes
                0x00000000000006dd       0x2c /home/a.malinowsk2/Programs/gcc-arm-none-eabi-8-2018-q4-major/bin/../lib/gcc/arm-none-eabi/8.2.1/../../../../arm-none-eabi/lib/thumb/v6-m/nofp/libc.a(lib_a-memcpy-stub.o)
 .ARM.attributes
                0x0000000000000709       0x2c /home/a.malinowsk2/Programs/gcc-arm-none-eabi-8-2018-q4-major/bin/../lib/gcc/arm-none-eabi/8.2.1/../../../../arm-none-eabi/lib/thumb/v6-m/nofp/libc.a(lib_a-memset.o)
 .ARM.attributes
                0x0000000000000735       0x2c /home/a.malinowsk2/Programs/gcc-arm-none-eabi-8-2018-q4-major/bin/../lib/gcc/arm-none-eabi/8.2.1/../../../../arm-none-eabi/lib/thumb/v6-m/nofp/libc.a(lib_a-strcat.o)
 .ARM.attributes
                0x0000000000000761       0x1b /home/a.malinowsk2/Programs/gcc-arm-none-eabi-8-2018-q4-major/bin/../lib/gcc/arm-none-eabi/8.2.1/../../../../arm-none-eabi/lib/thumb/v6-m/nofp/libc.a(lib_a-strcmp.o)
 .ARM.attributes